<html>
<body>
<pre>
<h1>µVision Build Log</h1>
<h2>Tool Versions:</h2>
IDE-Version: µVision V5.25.2.0
Copyright (C) 2018 ARM Ltd and ARM Germany GmbH. All rights reserved.
License Information: sang tran, mtc, LIC=UB4CX-HH9ZB-VIT5N-Y9FND-FZ8PT-I5W3F
 
Tool Versions:
Toolchain:       MDK-ARM Professional  Version: 5.25.2.0
Toolchain Path:  F:\program\mdk-arm\ARM\ARMCC\Bin
C Compiler:      Armcc.exe V5.06 update 6 (build 750)
Assembler:       Armasm.exe V5.06 update 6 (build 750)
Linker/Locator:  ArmLink.exe V5.06 update 6 (build 750)
Library Manager: ArmAr.exe V5.06 update 6 (build 750)
Hex Converter:   FromElf.exe V5.06 update 6 (build 750)
CPU DLL:         SARMCM3.DLL V5.25.2.0
Dialog DLL:      DCM.DLL V1.17.1.0
Target DLL:      STLink\ST-LINKIII-KEIL_SWO.dll V3.0.1.0
Dialog DLL:      TCM.DLL V1.35.1.0
 
<h2>Project:</h2>
F:\doccument\my subject\do an\CODE\STM\4\TRANSMITT\NRF24L01-1-master\example\stm32f1\MDK-ARM\TRANSMIT.uvprojx
Project File Date:  09/23/2018

<h2>Output:</h2>
*** Using Compiler 'V5.06 update 6 (build 750)', folder: 'F:\program\mdk-arm\ARM\ARMCC\Bin'
Build target 'TRANSMIT'
compiling example.c...
..\Src\example.c(6): warning:  #177-D: function "error"  was declared but never referenced
  static void error() 
..\Src\example.c: 1 warning, 0 errors
linking...
Program Size: Code=6378 RO-data=302 RW-data=16 ZI-data=1688  
FromELF: creating hex file...
"TRANSMIT\TRANSMIT.axf" - 0 Error(s), 1 Warning(s).

<h2>Software Packages used:</h2>

Package Vendor: ARM
                http://www.keil.com/pack/ARM.CMSIS.5.3.0.pack
                ARM.CMSIS.5.3.0
                CMSIS (Cortex Microcontroller Software Interface Standard)
   * Component: CORE Version: 5.1.1

Package Vendor: Keil
                http://www.keil.com/pack/Keil.STM32F1xx_DFP.2.2.0.pack
                Keil.STM32F1xx_DFP.2.2.0
                STMicroelectronics STM32F1 Series Device Support, Drivers and Examples

<h2>Collection of Component include folders:</h2>
  .\RTE\_TRANSMIT
  F:\program\mdk-arm\ARM\CMSIS\5.3.0\CMSIS\Include
  F:\program\mdk-arm\Keil\STM32F1xx_DFP\2.2.0\Device\Include

<h2>Collection of Component Files used:</h2>

   * Component: ARM::CMSIS:CORE:5.1.1
Build Time Elapsed:  00:00:02
</pre>
</body>
</html>
