Component: ARM Compiler 5.06 update 6 (build 750) Tool: armlink [4d35ed]

==============================================================================

Section Cross References

    startup_stm32f103xb.o(RESET) refers to startup_stm32f103xb.o(STACK) for __initial_sp
    startup_stm32f103xb.o(RESET) refers to startup_stm32f103xb.o(.text) for Reset_Handler
    startup_stm32f103xb.o(RESET) refers to stm32f1xx_it.o(i.NMI_Handler) for NMI_Handler
    startup_stm32f103xb.o(RESET) refers to stm32f1xx_it.o(i.HardFault_Handler) for HardFault_Handler
    startup_stm32f103xb.o(RESET) refers to stm32f1xx_it.o(i.MemManage_Handler) for MemManage_Handler
    startup_stm32f103xb.o(RESET) refers to stm32f1xx_it.o(i.BusFault_Handler) for BusFault_Handler
    startup_stm32f103xb.o(RESET) refers to stm32f1xx_it.o(i.UsageFault_Handler) for UsageFault_Handler
    startup_stm32f103xb.o(RESET) refers to stm32f1xx_it.o(i.SVC_Handler) for SVC_Handler
    startup_stm32f103xb.o(RESET) refers to stm32f1xx_it.o(i.DebugMon_Handler) for DebugMon_Handler
    startup_stm32f103xb.o(RESET) refers to stm32f1xx_it.o(i.PendSV_Handler) for PendSV_Handler
    startup_stm32f103xb.o(RESET) refers to stm32f1xx_it.o(i.SysTick_Handler) for SysTick_Handler
    startup_stm32f103xb.o(RESET) refers to stm32f1xx_it.o(i.DMA1_Channel1_IRQHandler) for DMA1_Channel1_IRQHandler
    startup_stm32f103xb.o(RESET) refers to stm32f1xx_it.o(i.USART1_IRQHandler) for USART1_IRQHandler
    startup_stm32f103xb.o(.text) refers to system_stm32f1xx.o(i.SystemInit) for SystemInit
    startup_stm32f103xb.o(.text) refers to entry.o(.ARM.Collect$$$$00000000) for __main
    ctr_nrf24l01.o(i.CTR_nrfGetPacket) refers to ctr_nrf24l01.o(i.CTR_spiRead) for CTR_spiRead
    ctr_nrf24l01.o(i.CTR_nrfGetPacket) refers to stm32f1xx_hal_gpio.o(i.HAL_GPIO_WritePin) for HAL_GPIO_WritePin
    ctr_nrf24l01.o(i.CTR_nrfGetPacket) refers to ctr_nrf24l01.o(i.CTR_spiReadBuff) for CTR_spiReadBuff
    ctr_nrf24l01.o(i.CTR_nrfGetPacket) refers to ctr_nrf24l01.o(i.CTR_spiRWreg) for CTR_spiRWreg
    ctr_nrf24l01.o(i.CTR_nrfInit) refers to stm32f1xx_hal.o(i.HAL_Delay) for HAL_Delay
    ctr_nrf24l01.o(i.CTR_nrfInit) refers to stm32f1xx_hal_gpio.o(i.HAL_GPIO_WritePin) for HAL_GPIO_WritePin
    ctr_nrf24l01.o(i.CTR_nrfInit) refers to ctr_nrf24l01.o(i.CTR_spiWriteBuff) for CTR_spiWriteBuff
    ctr_nrf24l01.o(i.CTR_nrfInit) refers to ctr_nrf24l01.o(i.CTR_spiRWreg) for CTR_spiRWreg
    ctr_nrf24l01.o(i.CTR_nrfInit) refers to ctr_nrf24l01.o(.data) for .data
    ctr_nrf24l01.o(i.CTR_nrfPinConfig) refers to stm32f1xx_hal_gpio.o(i.HAL_GPIO_Init) for HAL_GPIO_Init
    ctr_nrf24l01.o(i.CTR_nrfSendPacket) refers to stm32f1xx_hal_gpio.o(i.HAL_GPIO_WritePin) for HAL_GPIO_WritePin
    ctr_nrf24l01.o(i.CTR_nrfSendPacket) refers to ctr_nrf24l01.o(i.CTR_spiWriteBuff) for CTR_spiWriteBuff
    ctr_nrf24l01.o(i.CTR_nrfSendPacket) refers to ctr_nrf24l01.o(i.CTR_spiRWreg) for CTR_spiRWreg
    ctr_nrf24l01.o(i.CTR_nrfSendPacket) refers to ctr_nrf24l01.o(.data) for .data
    ctr_nrf24l01.o(i.CTR_nrfSetRX) refers to stm32f1xx_hal_gpio.o(i.HAL_GPIO_WritePin) for HAL_GPIO_WritePin
    ctr_nrf24l01.o(i.CTR_nrfSetRX) refers to ctr_nrf24l01.o(i.CTR_spiRWreg) for CTR_spiRWreg
    ctr_nrf24l01.o(i.CTR_nrfSetRX) refers to stm32f1xx_hal.o(i.HAL_Delay) for HAL_Delay
    ctr_nrf24l01.o(i.CTR_nrfSetTX) refers to stm32f1xx_hal_gpio.o(i.HAL_GPIO_WritePin) for HAL_GPIO_WritePin
    ctr_nrf24l01.o(i.CTR_nrfSetTX) refers to ctr_nrf24l01.o(i.CTR_spiRWreg) for CTR_spiRWreg
    ctr_nrf24l01.o(i.CTR_nrfSetTX) refers to stm32f1xx_hal.o(i.HAL_Delay) for HAL_Delay
    ctr_nrf24l01.o(i.CTR_spiRW) refers to stm32f1xx_hal_gpio.o(i.HAL_GPIO_WritePin) for HAL_GPIO_WritePin
    ctr_nrf24l01.o(i.CTR_spiRW) refers to stm32f1xx_hal.o(i.HAL_Delay) for HAL_Delay
    ctr_nrf24l01.o(i.CTR_spiRW) refers to stm32f1xx_hal_gpio.o(i.HAL_GPIO_ReadPin) for HAL_GPIO_ReadPin
    ctr_nrf24l01.o(i.CTR_spiRWreg) refers to stm32f1xx_hal_gpio.o(i.HAL_GPIO_WritePin) for HAL_GPIO_WritePin
    ctr_nrf24l01.o(i.CTR_spiRWreg) refers to ctr_nrf24l01.o(i.CTR_spiRW) for CTR_spiRW
    ctr_nrf24l01.o(i.CTR_spiRead) refers to stm32f1xx_hal_gpio.o(i.HAL_GPIO_WritePin) for HAL_GPIO_WritePin
    ctr_nrf24l01.o(i.CTR_spiRead) refers to ctr_nrf24l01.o(i.CTR_spiRW) for CTR_spiRW
    ctr_nrf24l01.o(i.CTR_spiReadBuff) refers to stm32f1xx_hal_gpio.o(i.HAL_GPIO_WritePin) for HAL_GPIO_WritePin
    ctr_nrf24l01.o(i.CTR_spiReadBuff) refers to ctr_nrf24l01.o(i.CTR_spiRW) for CTR_spiRW
    ctr_nrf24l01.o(i.CTR_spiWriteBuff) refers to stm32f1xx_hal_gpio.o(i.HAL_GPIO_WritePin) for HAL_GPIO_WritePin
    ctr_nrf24l01.o(i.CTR_spiWriteBuff) refers to ctr_nrf24l01.o(i.CTR_spiRW) for CTR_spiRW
    sd.o(i.ReadLongFile) refers to printf8.o(i.__0sprintf$8) for __2sprintf
    sd.o(i.ReadLongFile) refers to strlen.o(.text) for strlen
    sd.o(i.ReadLongFile) refers to stm32f1xx_hal_uart.o(i.HAL_UART_Transmit) for HAL_UART_Transmit
[...]
    Removing stm32f1xx_hal_gpio.o(i.HAL_GPIO_ReadPin), (10 bytes).
    Removing stm32f1xx_hal_gpio.o(i.HAL_GPIO_TogglePin), (8 bytes).
    Removing stm32f1xx_hal_dma.o(.rev16_text), (4 bytes).
    Removing stm32f1xx_hal_dma.o(.revsh_text), (4 bytes).
    Removing stm32f1xx_hal_dma.o(.rrx_text), (6 bytes).
    Removing stm32f1xx_hal_dma.o(i.DMA_SetConfig), (42 bytes).
    Removing stm32f1xx_hal_dma.o(i.HAL_DMA_Abort), (48 bytes).
    Removing stm32f1xx_hal_dma.o(i.HAL_DMA_DeInit), (84 bytes).
    Removing stm32f1xx_hal_dma.o(i.HAL_DMA_GetError), (4 bytes).
    Removing stm32f1xx_hal_dma.o(i.HAL_DMA_GetState), (6 bytes).
    Removing stm32f1xx_hal_dma.o(i.HAL_DMA_PollForTransfer), (532 bytes).
    Removing stm32f1xx_hal_dma.o(i.HAL_DMA_RegisterCallback), (74 bytes).
    Removing stm32f1xx_hal_dma.o(i.HAL_DMA_Start), (80 bytes).
    Removing stm32f1xx_hal_dma.o(i.HAL_DMA_Start_IT), (112 bytes).
    Removing stm32f1xx_hal_dma.o(i.HAL_DMA_UnRegisterCallback), (82 bytes).
    Removing stm32f1xx_hal_cortex.o(.rev16_text), (4 bytes).
    Removing stm32f1xx_hal_cortex.o(.revsh_text), (4 bytes).
    Removing stm32f1xx_hal_cortex.o(.rrx_text), (6 bytes).
    Removing stm32f1xx_hal_cortex.o(i.HAL_NVIC_ClearPendingIRQ), (22 bytes).
    Removing stm32f1xx_hal_cortex.o(i.HAL_NVIC_DisableIRQ), (22 bytes).
    Removing stm32f1xx_hal_cortex.o(i.HAL_NVIC_GetActive), (32 bytes).
    Removing stm32f1xx_hal_cortex.o(i.HAL_NVIC_GetPendingIRQ), (32 bytes).
    Removing stm32f1xx_hal_cortex.o(i.HAL_NVIC_GetPriority), (82 bytes).
    Removing stm32f1xx_hal_cortex.o(i.HAL_NVIC_GetPriorityGrouping), (16 bytes).
    Removing stm32f1xx_hal_cortex.o(i.HAL_NVIC_SetPendingIRQ), (22 bytes).
    Removing stm32f1xx_hal_cortex.o(i.HAL_NVIC_SystemReset), (36 bytes).
    Removing stm32f1xx_hal_pwr.o(.rev16_text), (4 bytes).
    Removing stm32f1xx_hal_pwr.o(.revsh_text), (4 bytes).
    Removing stm32f1xx_hal_pwr.o(.rrx_text), (6 bytes).
    Removing stm32f1xx_hal_pwr.o(i.HAL_PWR_ConfigPVD), (124 bytes).
    Removing stm32f1xx_hal_pwr.o(i.HAL_PWR_DeInit), (24 bytes).
    Removing stm32f1xx_hal_pwr.o(i.HAL_PWR_DisableBkUpAccess), (12 bytes).
    Removing stm32f1xx_hal_pwr.o(i.HAL_PWR_DisablePVD), (12 bytes).
    Removing stm32f1xx_hal_pwr.o(i.HAL_PWR_DisableSEVOnPend), (16 bytes).
    Removing stm32f1xx_hal_pwr.o(i.HAL_PWR_DisableSleepOnExit), (16 bytes).
    Removing stm32f1xx_hal_pwr.o(i.HAL_PWR_DisableWakeUpPin), (28 bytes).
    Removing stm32f1xx_hal_pwr.o(i.HAL_PWR_EnableBkUpAccess), (12 bytes).
    Removing stm32f1xx_hal_pwr.o(i.HAL_PWR_EnablePVD), (12 bytes).
    Removing stm32f1xx_hal_pwr.o(i.HAL_PWR_EnableSEVOnPend), (16 bytes).
    Removing stm32f1xx_hal_pwr.o(i.HAL_PWR_EnableSleepOnExit), (16 bytes).
    Removing stm32f1xx_hal_pwr.o(i.HAL_PWR_EnableWakeUpPin), (28 bytes).
    Removing stm32f1xx_hal_pwr.o(i.HAL_PWR_EnterSLEEPMode), (32 bytes).
    Removing stm32f1xx_hal_pwr.o(i.HAL_PWR_EnterSTANDBYMode), (32 bytes).
    Removing stm32f1xx_hal_pwr.o(i.HAL_PWR_EnterSTOPMode), (68 bytes).
    Removing stm32f1xx_hal_pwr.o(i.HAL_PWR_PVDCallback), (2 bytes).
    Removing stm32f1xx_hal_pwr.o(i.HAL_PWR_PVD_IRQHandler), (28 bytes).
    Removing stm32f1xx_hal_pwr.o(i.PWR_OverloadWfe), (6 bytes).
    Removing stm32f1xx_hal_flash.o(.rev16_text), (4 bytes).
    Removing stm32f1xx_hal_flash.o(.revsh_text), (4 bytes).
    Removing stm32f1xx_hal_flash.o(.rrx_text), (6 bytes).
    Removing stm32f1xx_hal_flash.o(i.FLASH_Program_HalfWord), (28 bytes).
    Removing stm32f1xx_hal_flash.o(i.FLASH_SetErrorCode), (92 bytes).
    Removing stm32f1xx_hal_flash.o(i.FLASH_WaitForLastOperation), (84 bytes).
    Removing stm32f1xx_hal_flash.o(i.HAL_FLASH_EndOfOperationCallback), (2 bytes).
    Removing stm32f1xx_hal_flash.o(i.HAL_FLASH_GetError), (12 bytes).
    Removing stm32f1xx_hal_flash.o(i.HAL_FLASH_IRQHandler), (264 bytes).
    Removing stm32f1xx_hal_flash.o(i.HAL_FLASH_Lock), (20 bytes).
    Removing stm32f1xx_hal_flash.o(i.HAL_FLASH_OB_Launch), (4 bytes).
    Removing stm32f1xx_hal_flash.o(i.HAL_FLASH_OB_Lock), (20 bytes).
    Removing stm32f1xx_hal_flash.o(i.HAL_FLASH_OB_Unlock), (36 bytes).
    Removing stm32f1xx_hal_flash.o(i.HAL_FLASH_OperationErrorCallback), (2 bytes).
    Removing stm32f1xx_hal_flash.o(i.HAL_FLASH_Program), (128 bytes).
    Removing stm32f1xx_hal_flash.o(i.HAL_FLASH_Program_IT), (100 bytes).
    Removing stm32f1xx_hal_flash.o(i.HAL_FLASH_Unlock), (40 bytes).
    Removing stm32f1xx_hal_flash.o(.bss), (32 bytes).
    Removing stm32f1xx_hal_flash_ex.o(.rev16_text), (4 bytes).
    Removing stm32f1xx_hal_flash_ex.o(.revsh_text), (4 bytes).
    Removing stm32f1xx_hal_flash_ex.o(.rrx_text), (6 bytes).
    Removing stm32f1xx_hal_flash_ex.o(i.FLASH_MassErase), (36 bytes).
    Removing stm32f1xx_hal_flash_ex.o(i.FLASH_OB_DisableWRP), (176 bytes).
    Removing stm32f1xx_hal_flash_ex.o(i.FLASH_OB_EnableWRP), (176 bytes).
    Removing stm32f1xx_hal_flash_ex.o(i.FLASH_OB_GetRDP), (24 bytes).
    Removing stm32f1xx_hal_flash_ex.o(i.FLASH_OB_RDP_LevelConfig), (100 bytes).
    Removing stm32f1xx_hal_flash_ex.o(i.FLASH_PageErase), (36 bytes).
    Removing stm32f1xx_hal_flash_ex.o(i.HAL_FLASHEx_Erase), (168 bytes).
    Removing stm32f1xx_hal_flash_ex.o(i.HAL_FLASHEx_Erase_IT), (84 bytes).
    Removing stm32f1xx_hal_flash_ex.o(i.HAL_FLASHEx_OBErase), (84 bytes).
    Removing stm32f1xx_hal_flash_ex.o(i.HAL_FLASHEx_OBGetConfig), (36 bytes).
    Removing stm32f1xx_hal_flash_ex.o(i.HAL_FLASHEx_OBGetUserData), (32 bytes).
    Removing stm32f1xx_hal_flash_ex.o(i.HAL_FLASHEx_OBProgram), (200 bytes).
    Removing system_stm32f1xx.o(.rev16_text), (4 bytes).
    Removing system_stm32f1xx.o(.revsh_text), (4 bytes).
    Removing system_stm32f1xx.o(.rrx_text), (6 bytes).
    Removing system_stm32f1xx.o(i.SystemCoreClockUpdate), (104 bytes).
    Removing syscall.o(.rev16_text), (4 bytes).
    Removing syscall.o(.revsh_text), (4 bytes).
    Removing syscall.o(.rrx_text), (6 bytes).
    Removing ccsbcs.o(.rev16_text), (4 bytes).
    Removing ccsbcs.o(.revsh_text), (4 bytes).
    Removing ccsbcs.o(.rrx_text), (6 bytes).
    Removing diskio.o(.rev16_text), (4 bytes).
    Removing diskio.o(.revsh_text), (4 bytes).
    Removing diskio.o(.rrx_text), (6 bytes).
    Removing diskio.o(i.get_fattime), (4 bytes).
    Removing ff.o(.rev16_text), (4 bytes).
    Removing ff.o(.revsh_text), (4 bytes).
    Removing ff.o(.rrx_text), (6 bytes).
    Removing ff.o(i.dir_remove), (102 bytes).
    Removing ff.o(i.f_chmod), (120 bytes).
    Removing ff.o(i.f_getfree), (194 bytes).
    Removing ff.o(i.f_gets), (72 bytes).
    Removing ff.o(i.f_mkdir), (448 bytes).
    Removing ff.o(i.f_mkfs), (1408 bytes).
    Removing ff.o(i.f_printf), (490 bytes).
    Removing ff.o(i.f_putc), (60 bytes).
    Removing ff.o(i.f_puts), (70 bytes).
    Removing ff.o(i.f_read), (398 bytes).
    Removing ff.o(i.f_rename), (376 bytes).
    Removing ff.o(i.f_stat), (92 bytes).
    Removing ff.o(i.f_truncate), (190 bytes).
    Removing ff.o(i.f_unlink), (216 bytes).
    Removing ff.o(i.f_utime), (124 bytes).
    Removing ff.o(i.putc_bfd), (70 bytes).
    Removing ff_gen_drv.o(.rev16_text), (4 bytes).
    Removing ff_gen_drv.o(.revsh_text), (4 bytes).
    Removing ff_gen_drv.o(.rrx_text), (6 bytes).
    Removing ff_gen_drv.o(i.FATFS_GetAttachedDriversNbr), (12 bytes).
    Removing ff_gen_drv.o(i.FATFS_UnLinkDriver), (6 bytes).
    Removing ff_gen_drv.o(i.FATFS_UnLinkDriverEx), (52 bytes).
    Removing dadd.o(.text), (334 bytes).
    Removing dmul.o(.text), (228 bytes).
    Removing ddiv.o(.text), (222 bytes).
    Removing dfixul.o(.text), (48 bytes).
    Removing cdrcmple.o(.text), (48 bytes).
    Removing depilogue.o(.text), (186 bytes).

427 unused section(s) (total 36225 bytes) removed from the image.

==============================================================================

Image Symbol Table

    Local Symbols

    Symbol Name                              Value     Ov Type        Size  Object(Section)

    ..//Src/system_stm32f1xx.c               0x00000000   Number         0  system_stm32f1xx.o ABSOLUTE
    ../Drivers/STM32F1xx_HAL_Driver/Src/stm32f1xx_hal.c 0x00000000   Number         0  stm32f1xx_hal.o ABSOLUTE
    ../Drivers/STM32F1xx_HAL_Driver/Src/stm32f1xx_hal_adc.c 0x00000000   Number         0  stm32f1xx_hal_adc.o ABSOLUTE
    ../Drivers/STM32F1xx_HAL_Driver/Src/stm32f1xx_hal_adc_ex.c 0x00000000   Number         0  stm32f1xx_hal_adc_ex.o ABSOLUTE
    ../Drivers/STM32F1xx_HAL_Driver/Src/stm32f1xx_hal_cortex.c 0x00000000   Number         0  stm32f1xx_hal_cortex.o ABSOLUTE
    ../Drivers/STM32F1xx_HAL_Driver/Src/stm32f1xx_hal_dma.c 0x00000000   Number         0  stm32f1xx_hal_dma.o ABSOLUTE
    ../Drivers/STM32F1xx_HAL_Driver/Src/stm32f1xx_hal_flash.c 0x00000000   Number         0  stm32f1xx_hal_flash.o ABSOLUTE
    ../Drivers/STM32F1xx_HAL_Driver/Src/stm32f1xx_hal_flash_ex.c 0x00000000   Number         0  stm32f1xx_hal_flash_ex.o ABSOLUTE
    ../Drivers/STM32F1xx_HAL_Driver/Src/stm32f1xx_hal_gpio.c 0x00000000   Number         0  stm32f1xx_hal_gpio.o ABSOLUTE
    ../Drivers/STM32F1xx_HAL_Driver/Src/stm32f1xx_hal_gpio_ex.c 0x00000000   Number         0  stm32f1xx_hal_gpio_ex.o ABSOLUTE
    ../Drivers/STM32F1xx_HAL_Driver/Src/stm32f1xx_hal_pwr.c 0x00000000   Number         0  stm32f1xx_hal_pwr.o ABSOLUTE
    ../Drivers/STM32F1xx_HAL_Driver/Src/stm32f1xx_hal_rcc.c 0x00000000   Number         0  stm32f1xx_hal_rcc.o ABSOLUTE
    ../Drivers/STM32F1xx_HAL_Driver/Src/stm32f1xx_hal_rcc_ex.c 0x00000000   Number         0  stm32f1xx_hal_rcc_ex.o ABSOLUTE
    ../Drivers/STM32F1xx_HAL_Driver/Src/stm32f1xx_hal_spi.c 0x00000000   Number         0  stm32f1xx_hal_spi.o ABSOLUTE
    ../Drivers/STM32F1xx_HAL_Driver/Src/stm32f1xx_hal_spi_ex.c 0x00000000   Number         0  stm32f1xx_hal_spi_ex.o ABSOLUTE
    ../Drivers/STM32F1xx_HAL_Driver/Src/stm32f1xx_hal_tim.c 0x00000000   Number         0  stm32f1xx_hal_tim.o ABSOLUTE
    ../Drivers/STM32F1xx_HAL_Driver/Src/stm32f1xx_hal_tim_ex.c 0x00000000   Number         0  stm32f1xx_hal_tim_ex.o ABSOLUTE
    ../Drivers/STM32F1xx_HAL_Driver/Src/stm32f1xx_hal_uart.c 0x00000000   Number         0  stm32f1xx_hal_uart.o ABSOLUTE
    ../Middlewares/Third_Party/FatFs/src/diskio.c 0x00000000   Number         0  diskio.o ABSOLUTE
    ../Middlewares/Third_Party/FatFs/src/ff.c 0x00000000   Number         0  ff.o ABSOLUTE
    ../Middlewares/Third_Party/FatFs/src/ff_gen_drv.c 0x00000000   Number         0  ff_gen_drv.o ABSOLUTE
    ../Middlewares/Third_Party/FatFs/src/option/ccsbcs.c 0x00000000   Number         0  ccsbcs.o ABSOLUTE
    ../Middlewares/Third_Party/FatFs/src/option/syscall.c 0x00000000   Number         0  syscall.o ABSOLUTE
    ../Src/fatfs.c                           0x00000000   Number         0  fatfs.o ABSOLUTE
    ../Src/main.c                            0x00000000   Number         0  main.o ABSOLUTE
    ../Src/stm32f1xx_hal_msp.c               0x00000000   Number         0  stm32f1xx_hal_msp.o ABSOLUTE
    ../Src/stm32f1xx_it.c                    0x00000000   Number         0  stm32f1xx_it.o ABSOLUTE
    ../Src/user_diskio.c                     0x00000000   Number         0  user_diskio.o ABSOLUTE
    ../clib/microlib/division.c              0x00000000   Number         0  uidiv.o ABSOLUTE
    ../clib/microlib/division.c              0x00000000   Number         0  uldiv.o ABSOLUTE
    ../clib/microlib/init/entry.s            0x00000000   Number         0  entry2.o ABSOLUTE
    ../clib/microlib/init/entry.s            0x00000000   Number         0  entry5.o ABSOLUTE
    ../clib/microlib/init/entry.s            0x00000000   Number         0  entry7b.o ABSOLUTE
    ../clib/microlib/init/entry.s            0x00000000   Number         0  entry8a.o ABSOLUTE
    ../clib/microlib/init/entry.s            0x00000000   Number         0  entry8b.o ABSOLUTE
    ../clib/microlib/init/entry.s            0x00000000   Number         0  entry9a.o ABSOLUTE
    ../clib/microlib/init/entry.s            0x00000000   Number         0  entry11b.o ABSOLUTE
    ../clib/microlib/init/entry.s            0x00000000   Number         0  entry7a.o ABSOLUTE
    ../clib/microlib/init/entry.s            0x00000000   Number         0  entry10a.o ABSOLUTE
    ../clib/microlib/init/entry.s            0x00000000   Number         0  entry.o ABSOLUTE
    ../clib/microlib/init/entry.s            0x00000000   Number         0  entry10b.o ABSOLUTE
    ../clib/microlib/init/entry.s            0x00000000   Number         0  entry11a.o ABSOLUTE
    ../clib/microlib/init/entry.s            0x00000000   Number         0  entry9b.o ABSOLUTE
    ../clib/microlib/longlong.c              0x00000000   Number         0  llsshr.o ABSOLUTE
    ../clib/microlib/longlong.c              0x00000000   Number         0  llshl.o ABSOLUTE
    ../clib/microlib/longlong.c              0x00000000   Number         0  llushr.o ABSOLUTE
    ../clib/microlib/printf/printf.c         0x00000000   Number         0  printfa.o ABSOLUTE
    ../clib/microlib/printf/printf.c         0x00000000   Number         0  printf8.o ABSOLUTE
    ../clib/microlib/printf/printf.c         0x00000000   Number         0  printf7.o ABSOLUTE
    ../clib/microlib/printf/printf.c         0x00000000   Number         0  printf6.o ABSOLUTE
    ../clib/microlib/printf/printf.c         0x00000000   Number         0  printf5.o ABSOLUTE
    ../clib/microlib/printf/printf.c         0x00000000   Number         0  printf4.o ABSOLUTE
    ../clib/microlib/printf/printf.c         0x00000000   Number         0  printf2.o ABSOLUTE
    ../clib/microlib/printf/printf.c         0x00000000   Number         0  printf1.o ABSOLUTE
    ../clib/microlib/printf/printf.c         0x00000000   Number         0  printf0.o ABSOLUTE
    ../clib/microlib/printf/printf.c         0x00000000   Number         0  printfb.o ABSOLUTE
    ../clib/microlib/printf/printf.c         0x00000000   Number         0  printf3.o ABSOLUTE
    ../clib/microlib/printf/stubs.s          0x00000000   Number         0  stubs.o ABSOLUTE
    ../clib/microlib/stdio/fputc.c           0x00000000   Number         0  fputc.o ABSOLUTE
    ../clib/microlib/stdio/semi.s            0x00000000   Number         0  semi.o ABSOLUTE
    ../clib/microlib/stdio/streams.c         0x00000000   Number         0  stdout.o ABSOLUTE
    ../clib/microlib/string/memset.c         0x00000000   Number         0  memseta.o ABSOLUTE
    ../clib/microlib/string/strcat.c         0x00000000   Number         0  strcat.o ABSOLUTE
    ../clib/microlib/string/strcpy.c         0x00000000   Number         0  strcpy.o ABSOLUTE
    ../clib/microlib/string/strlen.c         0x00000000   Number         0  strlen.o ABSOLUTE
    ../clib/microlib/stubs.s                 0x00000000   Number         0  iusesemip.o ABSOLUTE
    ../clib/microlib/stubs.s                 0x00000000   Number         0  iusefp.o ABSOLUTE
    ../fplib/microlib/fpadd.c                0x00000000   Number         0  dadd.o ABSOLUTE
    ../fplib/microlib/fpdiv.c                0x00000000   Number         0  ddiv.o ABSOLUTE
    ../fplib/microlib/fpepilogue.c           0x00000000   Number         0  depilogue.o ABSOLUTE
    ../fplib/microlib/fpfix.c                0x00000000   Number         0  dfixul.o ABSOLUTE
    ../fplib/microlib/fpmul.c                0x00000000   Number         0  dmul.o ABSOLUTE
    ..\Drivers\STM32F1xx_HAL_Driver\Src\stm32f1xx_hal.c 0x00000000   Number         0  stm32f1xx_hal.o ABSOLUTE
    ..\Drivers\STM32F1xx_HAL_Driver\Src\stm32f1xx_hal_adc.c 0x00000000   Number         0  stm32f1xx_hal_adc.o ABSOLUTE
    ..\Drivers\STM32F1xx_HAL_Driver\Src\stm32f1xx_hal_adc_ex.c 0x00000000   Number         0  stm32f1xx_hal_adc_ex.o ABSOLUTE
    ..\Drivers\STM32F1xx_HAL_Driver\Src\stm32f1xx_hal_cortex.c 0x00000000   Number         0  stm32f1xx_hal_cortex.o ABSOLUTE
    ..\Drivers\STM32F1xx_HAL_Driver\Src\stm32f1xx_hal_dma.c 0x00000000   Number         0  stm32f1xx_hal_dma.o ABSOLUTE
    ..\Drivers\STM32F1xx_HAL_Driver\Src\stm32f1xx_hal_flash.c 0x00000000   Number         0  stm32f1xx_hal_flash.o ABSOLUTE
    ..\Drivers\STM32F1xx_HAL_Driver\Src\stm32f1xx_hal_flash_ex.c 0x00000000   Number         0  stm32f1xx_hal_flash_ex.o ABSOLUTE
    ..\Drivers\STM32F1xx_HAL_Driver\Src\stm32f1xx_hal_gpio.c 0x00000000   Number         0  stm32f1xx_hal_gpio.o ABSOLUTE
    ..\Drivers\STM32F1xx_HAL_Driver\Src\stm32f1xx_hal_gpio_ex.c 0x00000000   Number         0  stm32f1xx_hal_gpio_ex.o ABSOLUTE
    ..\Drivers\STM32F1xx_HAL_Driver\Src\stm32f1xx_hal_pwr.c 0x00000000   Number         0  stm32f1xx_hal_pwr.o ABSOLUTE
    ..\Drivers\STM32F1xx_HAL_Driver\Src\stm32f1xx_hal_rcc.c 0x00000000   Number         0  stm32f1xx_hal_rcc.o ABSOLUTE
    ..\Drivers\STM32F1xx_HAL_Driver\Src\stm32f1xx_hal_rcc_ex.c 0x00000000   Number         0  stm32f1xx_hal_rcc_ex.o ABSOLUTE
    ..\Drivers\STM32F1xx_HAL_Driver\Src\stm32f1xx_hal_spi.c 0x00000000   Number         0  stm32f1xx_hal_spi.o ABSOLUTE
    ..\Drivers\STM32F1xx_HAL_Driver\Src\stm32f1xx_hal_spi_ex.c 0x00000000   Number         0  stm32f1xx_hal_spi_ex.o ABSOLUTE
    ..\Drivers\STM32F1xx_HAL_Driver\Src\stm32f1xx_hal_tim.c 0x00000000   Number         0  stm32f1xx_hal_tim.o ABSOLUTE
    ..\Drivers\STM32F1xx_HAL_Driver\Src\stm32f1xx_hal_tim_ex.c 0x00000000   Number         0  stm32f1xx_hal_tim_ex.o ABSOLUTE
    ..\Drivers\STM32F1xx_HAL_Driver\Src\stm32f1xx_hal_uart.c 0x00000000   Number         0  stm32f1xx_hal_uart.o ABSOLUTE
    ..\Middlewares\Third_Party\FatFs\src\diskio.c 0x00000000   Number         0  diskio.o ABSOLUTE
    ..\Middlewares\Third_Party\FatFs\src\ff.c 0x00000000   Number         0  ff.o ABSOLUTE
    ..\Middlewares\Third_Party\FatFs\src\ff_gen_drv.c 0x00000000   Number         0  ff_gen_drv.o ABSOLUTE
    ..\Middlewares\Third_Party\FatFs\src\option\ccsbcs.c 0x00000000   Number         0  ccsbcs.o ABSOLUTE
    ..\Middlewares\Third_Party\FatFs\src\option\syscall.c 0x00000000   Number         0  syscall.o ABSOLUTE
    ..\Src\CTR_nrf24l01.c                    0x00000000   Number         0  ctr_nrf24l01.o ABSOLUTE
    ..\Src\dwt_stm32_delay.c                 0x00000000   Number         0  dwt_stm32_delay.o ABSOLUTE
    ..\Src\fatfs.c                           0x00000000   Number         0  fatfs.o ABSOLUTE
    ..\Src\main.c                            0x00000000   Number         0  main.o ABSOLUTE
    ..\Src\sd.c                              0x00000000   Number         0  sd.o ABSOLUTE
    ..\Src\stm32f1xx_hal_msp.c               0x00000000   Number         0  stm32f1xx_hal_msp.o ABSOLUTE
    ..\Src\stm32f1xx_it.c                    0x00000000   Number         0  stm32f1xx_it.o ABSOLUTE
    ..\Src\user_diskio.c                     0x00000000   Number         0  user_diskio.o ABSOLUTE
    ..\\Src\\CTR_nrf24l01.c                  0x00000000   Number         0  ctr_nrf24l01.o ABSOLUTE
    ..\\Src\\dwt_stm32_delay.c               0x00000000   Number         0  dwt_stm32_delay.o ABSOLUTE
    ..\\Src\\sd.c                            0x00000000   Number         0  sd.o ABSOLUTE
    ..\\Src\system_stm32f1xx.c               0x00000000   Number         0  system_stm32f1xx.o ABSOLUTE
    cdrcmple.s                               0x00000000   Number         0  cdrcmple.o ABSOLUTE
    dc.s                                     0x00000000   Number         0  dc.o ABSOLUTE
    handlers.s                               0x00000000   Number         0  handlers.o ABSOLUTE
    init.s                                   0x00000000   Number         0  init.o ABSOLUTE
    startup_stm32f103xb.s                    0x00000000   Number         0  startup_stm32f103xb.o ABSOLUTE
    RESET                                    0x08000000   Section      236  startup_stm32f103xb.o(RESET)
    .ARM.Collect$$$$00000000                 0x080000ec   Section        0  entry.o(.ARM.Collect$$$$00000000)
    .ARM.Collect$$$$00000001                 0x080000ec   Section        4  entry2.o(.ARM.Collect$$$$00000001)
    .ARM.Collect$$$$00000004                 0x080000f0   Section        4  entry5.o(.ARM.Collect$$$$00000004)
    .ARM.Collect$$$$00000008                 0x080000f4   Section        0  entry7b.o(.ARM.Collect$$$$00000008)
    .ARM.Collect$$$$0000000A                 0x080000f4   Section        0  entry8b.o(.ARM.Collect$$$$0000000A)
    .ARM.Collect$$$$0000000B                 0x080000f4   Section        8  entry9a.o(.ARM.Collect$$$$0000000B)
    .ARM.Collect$$$$0000000D                 0x080000fc   Section        0  entry10a.o(.ARM.Collect$$$$0000000D)
    .ARM.Collect$$$$0000000F                 0x080000fc   Section        0  entry11a.o(.ARM.Collect$$$$0000000F)
    .ARM.Collect$$$$00002712                 0x080000fc   Section        4  entry2.o(.ARM.Collect$$$$00002712)
    __lit__00000000                          0x080000fc   Data           4  entry2.o(.ARM.Collect$$$$00002712)
    .text                                    0x08000100   Section       36  startup_stm32f103xb.o(.text)
    .text                                    0x08000124   Section        0  llushr.o(.text)
    .text                                    0x08000144   Section        0  strlen.o(.text)
    .text                                    0x08000152   Section        0  uldiv.o(.text)
    .text                                    0x080001b4   Section       36  init.o(.text)
    .text                                    0x080001d8   Section        0  llshl.o(.text)
    i.ADC_ConversionStop_Disable             0x080001f8   Section        0  stm32f1xx_hal_adc.o(i.ADC_ConversionStop_Disable)
    i.BusFault_Handler                       0x08000244   Section        0  stm32f1xx_it.o(i.BusFault_Handler)
    i.DMA1_Channel1_IRQHandler               0x08000248   Section        0  stm32f1xx_it.o(i.DMA1_Channel1_IRQHandler)
    i.DWT_Delay_Init                         0x08000254   Section        0  dwt_stm32_delay.o(i.DWT_Delay_Init)
    i.DebugMon_Handler                       0x08000298   Section        0  stm32f1xx_it.o(i.DebugMon_Handler)
    i.FATFS_LinkDriver                       0x0800029a   Section        0  ff_gen_drv.o(i.FATFS_LinkDriver)
    i.FATFS_LinkDriverEx                     0x080002a0   Section        0  ff_gen_drv.o(i.FATFS_LinkDriverEx)
    i.HAL_ADC_ConfigChannel                  0x080002e0   Section        0  stm32f1xx_hal_adc.o(i.HAL_ADC_ConfigChannel)
    i.HAL_ADC_Init                           0x080003dc   Section        0  stm32f1xx_hal_adc.o(i.HAL_ADC_Init)
    i.HAL_ADC_MspInit                        0x080004f8   Section        0  stm32f1xx_hal_msp.o(i.HAL_ADC_MspInit)
    i.HAL_DMA_Abort_IT                       0x0800058c   Section        0  stm32f1xx_hal_dma.o(i.HAL_DMA_Abort_IT)
    i.HAL_DMA_IRQHandler                     0x08000624   Section        0  stm32f1xx_hal_dma.o(i.HAL_DMA_IRQHandler)
    i.HAL_DMA_Init                           0x08000778   Section        0  stm32f1xx_hal_dma.o(i.HAL_DMA_Init)
    i.HAL_Delay                              0x080007dc   Section        0  stm32f1xx_hal.o(i.HAL_Delay)
    i.HAL_GPIO_Init                          0x08000800   Section        0  stm32f1xx_hal_gpio.o(i.HAL_GPIO_Init)
    i.HAL_GPIO_WritePin                      0x080009bc   Section        0  stm32f1xx_hal_gpio.o(i.HAL_GPIO_WritePin)
    i.HAL_GetTick                            0x080009c8   Section        0  stm32f1xx_hal.o(i.HAL_GetTick)
    i.HAL_IncTick                            0x080009d4   Section        0  stm32f1xx_hal.o(i.HAL_IncTick)
    i.HAL_Init                               0x080009e4   Section        0  stm32f1xx_hal.o(i.HAL_Init)
    i.HAL_InitTick                           0x08000a08   Section        0  stm32f1xx_hal.o(i.HAL_InitTick)
    i.HAL_MspInit                            0x08000a48   Section        0  stm32f1xx_hal_msp.o(i.HAL_MspInit)
    i.HAL_NVIC_EnableIRQ                     0x08000ad8   Section        0  stm32f1xx_hal_cortex.o(i.HAL_NVIC_EnableIRQ)
    i.HAL_NVIC_SetPriority                   0x08000af0   Section        0  stm32f1xx_hal_cortex.o(i.HAL_NVIC_SetPriority)
    i.HAL_NVIC_SetPriorityGrouping           0x08000b30   Section        0  stm32f1xx_hal_cortex.o(i.HAL_NVIC_SetPriorityGrouping)
    i.HAL_RCCEx_PeriphCLKConfig              0x08000b54   Section        0  stm32f1xx_hal_rcc_ex.o(i.HAL_RCCEx_PeriphCLKConfig)
    i.HAL_RCC_ClockConfig                    0x08000c40   Section        0  stm32f1xx_hal_rcc.o(i.HAL_RCC_ClockConfig)
    i.HAL_RCC_GetHCLKFreq                    0x08000d94   Section        0  stm32f1xx_hal_rcc.o(i.HAL_RCC_GetHCLKFreq)
    i.HAL_RCC_GetPCLK1Freq                   0x08000da0   Section        0  stm32f1xx_hal_rcc.o(i.HAL_RCC_GetPCLK1Freq)
    i.HAL_RCC_GetPCLK2Freq                   0x08000dc0   Section        0  stm32f1xx_hal_rcc.o(i.HAL_RCC_GetPCLK2Freq)
    i.HAL_RCC_GetSysClockFreq                0x08000de0   Section        0  stm32f1xx_hal_rcc.o(i.HAL_RCC_GetSysClockFreq)
    i.HAL_RCC_OscConfig                      0x08000e4c   Section        0  stm32f1xx_hal_rcc.o(i.HAL_RCC_OscConfig)
    i.HAL_SPI_Init                           0x08001150   Section        0  stm32f1xx_hal_spi_ex.o(i.HAL_SPI_Init)
    i.HAL_SPI_MspInit                        0x080011d4   Section        0  stm32f1xx_hal_msp.o(i.HAL_SPI_MspInit)
    i.HAL_SPI_TransmitReceive                0x08001230   Section        0  stm32f1xx_hal_spi.o(i.HAL_SPI_TransmitReceive)
    i.HAL_SYSTICK_CLKSourceConfig            0x08001408   Section        0  stm32f1xx_hal_cortex.o(i.HAL_SYSTICK_CLKSourceConfig)
    i.HAL_SYSTICK_Callback                   0x08001420   Section        0  stm32f1xx_hal_cortex.o(i.HAL_SYSTICK_Callback)
    i.HAL_SYSTICK_Config                     0x08001422   Section        0  stm32f1xx_hal_cortex.o(i.HAL_SYSTICK_Config)
    i.HAL_SYSTICK_IRQHandler                 0x0800144a   Section        0  stm32f1xx_hal_cortex.o(i.HAL_SYSTICK_IRQHandler)
    i.HAL_UART_ErrorCallback                 0x08001452   Section        0  stm32f1xx_hal_uart.o(i.HAL_UART_ErrorCallback)
    i.HAL_UART_IRQHandler                    0x08001454   Section        0  stm32f1xx_hal_uart.o(i.HAL_UART_IRQHandler)
    i.HAL_UART_Init                          0x08001564   Section        0  stm32f1xx_hal_uart.o(i.HAL_UART_Init)
    i.HAL_UART_MspInit                       0x080015c8   Section        0  stm32f1xx_hal_msp.o(i.HAL_UART_MspInit)
    i.HAL_UART_RxCpltCallback                0x08001630   Section        0  stm32f1xx_hal_uart.o(i.HAL_UART_RxCpltCallback)
    i.HAL_UART_Transmit                      0x08001632   Section        0  stm32f1xx_hal_uart.o(i.HAL_UART_Transmit)
    i.HAL_UART_TxCpltCallback                0x080016ec   Section        0  stm32f1xx_hal_uart.o(i.HAL_UART_TxCpltCallback)
    i.HardFault_Handler                      0x080016ee   Section        0  stm32f1xx_it.o(i.HardFault_Handler)
    i.MX_ADC1_Init                           0x080016f0   Section        0  main.o(i.MX_ADC1_Init)
    MX_ADC1_Init                             0x080016f1   Thumb Code    58  main.o(i.MX_ADC1_Init)
    i.MX_FATFS_Init                          0x08001734   Section        0  fatfs.o(i.MX_FATFS_Init)
    i.MX_SPI2_Init                           0x08001750   Section        0  main.o(i.MX_SPI2_Init)
    MX_SPI2_Init                             0x08001751   Thumb Code    56  main.o(i.MX_SPI2_Init)
    i.MemManage_Handler                      0x08001790   Section        0  stm32f1xx_it.o(i.MemManage_Handler)
    i.NMI_Handler                            0x08001792   Section        0  stm32f1xx_it.o(i.NMI_Handler)
    i.NVIC_SetPriority                       0x08001794   Section        0  stm32f1xx_hal_cortex.o(i.NVIC_SetPriority)
    NVIC_SetPriority                         0x08001795   Thumb Code    32  stm32f1xx_hal_cortex.o(i.NVIC_SetPriority)
    i.PendSV_Handler                         0x080017b4   Section        0  stm32f1xx_it.o(i.PendSV_Handler)
    i.SD_List_File                           0x080017b8   Section        0  sd.o(i.SD_List_File)
    i.SD_Read_Block                          0x080018a0   Section        0  sd.o(i.SD_Read_Block)
    i.SD_Write_Block                         0x080018f6   Section        0  sd.o(i.SD_Write_Block)
    i.SD_Write_File                          0x0800195c   Section        0  sd.o(i.SD_Write_File)
    i.SD_cmd                                 0x080019ec   Section        0  sd.o(i.SD_cmd)
    SD_cmd                                   0x080019ed   Thumb Code   138  sd.o(i.SD_cmd)
    i.SPI_CheckFlag_BSY                      0x08001a7c   Section        0  stm32f1xx_hal_spi.o(i.SPI_CheckFlag_BSY)
    SPI_CheckFlag_BSY                        0x08001a7d   Thumb Code    32  stm32f1xx_hal_spi.o(i.SPI_CheckFlag_BSY)
    i.SPI_ReceiveByte                        0x08001a9c   Section        0  sd.o(i.SPI_ReceiveByte)
    i.SPI_Release                            0x08001aa2   Section        0  sd.o(i.SPI_Release)
    i.SPI_WaitFlagStateUntilTimeout          0x08001aa8   Section        0  stm32f1xx_hal_spi.o(i.SPI_WaitFlagStateUntilTimeout)
    SPI_WaitFlagStateUntilTimeout            0x08001aa9   Thumb Code   150  stm32f1xx_hal_spi.o(i.SPI_WaitFlagStateUntilTimeout)
    i.SPI_wait_ready                         0x08001b3e   Section        0  sd.o(i.SPI_wait_ready)
    i.SPIx_WriteRead                         0x08001b60   Section        0  sd.o(i.SPIx_WriteRead)
    i.SVC_Handler                            0x08001b98   Section        0  stm32f1xx_it.o(i.SVC_Handler)
    i.SysTick_Handler                        0x08001b9a   Section        0  stm32f1xx_it.o(i.SysTick_Handler)
    i.SystemClock_Config                     0x08001ba8   Section        0  main.o(i.SystemClock_Config)
    i.SystemInit                             0x08001c24   Section        0  system_stm32f1xx.o(i.SystemInit)
    i.UART_DMAAbortOnError                   0x08001c6c   Section        0  stm32f1xx_hal_uart.o(i.UART_DMAAbortOnError)
    UART_DMAAbortOnError                     0x08001c6d   Thumb Code    16  stm32f1xx_hal_uart.o(i.UART_DMAAbortOnError)
    i.UART_EndRxTransfer                     0x08001c7c   Section        0  stm32f1xx_hal_uart.o(i.UART_EndRxTransfer)
    UART_EndRxTransfer                       0x08001c7d   Thumb Code    28  stm32f1xx_hal_uart.o(i.UART_EndRxTransfer)
    i.UART_Receive_IT                        0x08001c98   Section        0  stm32f1xx_hal_uart.o(i.UART_Receive_IT)
    UART_Receive_IT                          0x08001c99   Thumb Code   150  stm32f1xx_hal_uart.o(i.UART_Receive_IT)
    i.UART_SetConfig                         0x08001d30   Section        0  stm32f1xx_hal_uart.o(i.UART_SetConfig)
    UART_SetConfig                           0x08001d31   Thumb Code   364  stm32f1xx_hal_uart.o(i.UART_SetConfig)
    i.UART_Transmit_IT                       0x08001ea0   Section        0  stm32f1xx_hal_uart.o(i.UART_Transmit_IT)
    UART_Transmit_IT                         0x08001ea1   Thumb Code    98  stm32f1xx_hal_uart.o(i.UART_Transmit_IT)
    i.UART_WaitOnFlagUntilTimeout            0x08001f02   Section        0  stm32f1xx_hal_uart.o(i.UART_WaitOnFlagUntilTimeout)
    UART_WaitOnFlagUntilTimeout              0x08001f03   Thumb Code   100  stm32f1xx_hal_uart.o(i.UART_WaitOnFlagUntilTimeout)
    i.USART1_IRQHandler                      0x08001f68   Section        0  stm32f1xx_it.o(i.USART1_IRQHandler)
    i.USER_initialize                        0x08001f74   Section        0  user_diskio.o(i.USER_initialize)
    i.USER_ioctl                             0x08001fbc   Section        0  user_diskio.o(i.USER_ioctl)
    i.USER_read                              0x08001ffc   Section        0  user_diskio.o(i.USER_read)
    i.USER_status                            0x08002044   Section        0  user_diskio.o(i.USER_status)
    i.USER_write                             0x08002054   Section        0  user_diskio.o(i.USER_write)
    i.UsageFault_Handler                     0x080020a4   Section        0  stm32f1xx_it.o(i.UsageFault_Handler)
    i._Error_Handler                         0x080020a6   Section        0  main.o(i._Error_Handler)
    i.__0sprintf$8                           0x080020a8   Section        0  printf8.o(i.__0sprintf$8)
    i.__scatterload_copy                     0x080020d0   Section       14  handlers.o(i.__scatterload_copy)
    i.__scatterload_null                     0x080020de   Section        2  handlers.o(i.__scatterload_null)
    i.__scatterload_zeroinit                 0x080020e0   Section       14  handlers.o(i.__scatterload_zeroinit)
    i._printf_core                           0x080020f0   Section        0  printf8.o(i._printf_core)
    _printf_core                             0x080020f1   Thumb Code   996  printf8.o(i._printf_core)
    i._printf_post_padding                   0x08002500   Section        0  printf8.o(i._printf_post_padding)
    _printf_post_padding                     0x08002501   Thumb Code    36  printf8.o(i._printf_post_padding)
    i._printf_pre_padding                    0x08002524   Section        0  printf8.o(i._printf_pre_padding)
    _printf_pre_padding                      0x08002525   Thumb Code    46  printf8.o(i._printf_pre_padding)
    i._sputc                                 0x08002552   Section        0  printf8.o(i._sputc)
    _sputc                                   0x08002553   Thumb Code    10  printf8.o(i._sputc)
    i.check_fs                               0x0800255c   Section        0  ff.o(i.check_fs)
    check_fs                                 0x0800255d   Thumb Code    90  ff.o(i.check_fs)
    i.chk_chr                                0x080025bc   Section        0  ff.o(i.chk_chr)
    chk_chr                                  0x080025bd   Thumb Code    16  ff.o(i.chk_chr)
    i.chk_lock                               0x080025cc   Section        0  ff.o(i.chk_lock)
    chk_lock                                 0x080025cd   Thumb Code   100  ff.o(i.chk_lock)
    i.clear_lock                             0x08002634   Section        0  ff.o(i.clear_lock)
    clear_lock                               0x08002635   Thumb Code    32  ff.o(i.clear_lock)
    i.clmt_clust                             0x08002658   Section        0  ff.o(i.clmt_clust)
    clmt_clust                               0x08002659   Thumb Code    46  ff.o(i.clmt_clust)
    i.clust2sect                             0x08002686   Section        0  ff.o(i.clust2sect)
    i.create_chain                           0x080026a2   Section        0  ff.o(i.create_chain)
    create_chain                             0x080026a3   Thumb Code   164  ff.o(i.create_chain)
    i.create_name                            0x08002748   Section        0  ff.o(i.create_name)
    create_name                              0x08002749   Thumb Code   492  ff.o(i.create_name)
    i.dec_lock                               0x0800294c   Section        0  ff.o(i.dec_lock)
    dec_lock                                 0x0800294d   Thumb Code    54  ff.o(i.dec_lock)
    i.dir_find                               0x08002988   Section        0  ff.o(i.dir_find)
    dir_find                                 0x08002989   Thumb Code   314  ff.o(i.dir_find)
    i.dir_next                               0x08002ac8   Section        0  ff.o(i.dir_next)
    dir_next                                 0x08002ac9   Thumb Code   284  ff.o(i.dir_next)
    i.dir_read                               0x08002be4   Section        0  ff.o(i.dir_read)
    dir_read                                 0x08002be5   Thumb Code   252  ff.o(i.dir_read)
    i.dir_register                           0x08002ce4   Section        0  ff.o(i.dir_register)
    dir_register                             0x08002ce5   Thumb Code   444  ff.o(i.dir_register)
    i.dir_sdi                                0x08002ea4   Section        0  ff.o(i.dir_sdi)
    dir_sdi                                  0x08002ea5   Thumb Code   154  ff.o(i.dir_sdi)
    i.disk_initialize                        0x08002f40   Section        0  diskio.o(i.disk_initialize)
    i.disk_ioctl                             0x08002f68   Section        0  diskio.o(i.disk_ioctl)
    i.disk_read                              0x08002f84   Section        0  diskio.o(i.disk_read)
    i.disk_status                            0x08002fa0   Section        0  diskio.o(i.disk_status)
    i.disk_write                             0x08002fb8   Section        0  diskio.o(i.disk_write)
    i.f_close                                0x08002fd4   Section        0  ff.o(i.f_close)
    i.f_closedir                             0x08002ffe   Section        0  ff.o(i.f_closedir)
    i.f_lseek                                0x08003022   Section        0  ff.o(i.f_lseek)
    i.f_mount                                0x08003288   Section        0  ff.o(i.f_mount)
    i.f_open                                 0x080032ec   Section        0  ff.o(i.f_open)
    i.f_opendir                              0x080034dc   Section        0  ff.o(i.f_opendir)
    i.f_readdir                              0x0800356c   Section        0  ff.o(i.f_readdir)
    i.f_sync                                 0x080035c8   Section        0  ff.o(i.f_sync)
    i.f_write                                0x0800366a   Section        0  ff.o(i.f_write)
    i.ff_convert                             0x08003830   Section        0  ccsbcs.o(i.ff_convert)
    i.ff_wtoupper                            0x08003868   Section        0  ccsbcs.o(i.ff_wtoupper)
    i.find_volume                            0x0800388c   Section        0  ff.o(i.find_volume)
    find_volume                              0x0800388d   Thumb Code   606  ff.o(i.find_volume)
    i.follow_path                            0x08003af8   Section        0  ff.o(i.follow_path)
    follow_path                              0x08003af9   Thumb Code   106  ff.o(i.follow_path)
    i.gen_numname                            0x08003b64   Section        0  ff.o(i.gen_numname)
    gen_numname                              0x08003b65   Thumb Code   122  ff.o(i.gen_numname)
    i.get_fat                                0x08003be4   Section        0  ff.o(i.get_fat)
    i.get_fattime                            0x08003cca   Section        0  fatfs.o(i.get_fattime)
    i.get_fileinfo                           0x08003cce   Section        0  ff.o(i.get_fileinfo)
    get_fileinfo                             0x08003ccf   Thumb Code   190  ff.o(i.get_fileinfo)
    i.get_ldnumber                           0x08003d8c   Section        0  ff.o(i.get_ldnumber)
    get_ldnumber                             0x08003d8d   Thumb Code    60  ff.o(i.get_ldnumber)
    i.inc_lock                               0x08003dc8   Section        0  ff.o(i.inc_lock)
    inc_lock                                 0x08003dc9   Thumb Code   146  ff.o(i.inc_lock)
    i.ld_clust                               0x08003e60   Section        0  ff.o(i.ld_clust)
    ld_clust                                 0x08003e61   Thumb Code    22  ff.o(i.ld_clust)
    i.main                                   0x08003e78   Section        0  main.o(i.main)
    i.mem_cpy                                0x08003f4c   Section        0  ff.o(i.mem_cpy)
    mem_cpy                                  0x08003f4d   Thumb Code    18  ff.o(i.mem_cpy)
    i.mem_set                                0x08003f5e   Section        0  ff.o(i.mem_set)
    mem_set                                  0x08003f5f   Thumb Code    14  ff.o(i.mem_set)
    i.move_window                            0x08003f6c   Section        0  ff.o(i.move_window)
    move_window                              0x08003f6d   Thumb Code    56  ff.o(i.move_window)
    i.put_fat                                0x08003fa4   Section        0  ff.o(i.put_fat)
    i.remove_chain                           0x080040c2   Section        0  ff.o(i.remove_chain)
    remove_chain                             0x080040c3   Thumb Code   102  ff.o(i.remove_chain)
    i.sd_ini                                 0x08004128   Section        0  sd.o(i.sd_ini)
    i.st_clust                               0x08004328   Section        0  ff.o(i.st_clust)
    st_clust                                 0x08004329   Thumb Code    16  ff.o(i.st_clust)
    i.sum_sfn                                0x08004338   Section        0  ff.o(i.sum_sfn)
    sum_sfn                                  0x08004339   Thumb Code    26  ff.o(i.sum_sfn)
    i.sync_fs                                0x08004352   Section        0  ff.o(i.sync_fs)
    sync_fs                                  0x08004353   Thumb Code   168  ff.o(i.sync_fs)
    i.sync_window                            0x080043fa   Section        0  ff.o(i.sync_window)
    sync_window                              0x080043fb   Thumb Code    82  ff.o(i.sync_window)
    i.validate                               0x0800444c   Section        0  ff.o(i.validate)
    validate                                 0x0800444d   Thumb Code    42  ff.o(i.validate)
    .constdata                               0x08004476   Section       16  system_stm32f1xx.o(.constdata)
    .constdata                               0x08004486   Section        8  system_stm32f1xx.o(.constdata)
    .constdata                               0x0800448e   Section     1216  ccsbcs.o(.constdata)
    Tbl                                      0x0800448e   Data         256  ccsbcs.o(.constdata)
    tbl_lower                                0x0800458e   Data         480  ccsbcs.o(.constdata)
    tbl_upper                                0x0800476e   Data         480  ccsbcs.o(.constdata)
    .constdata                               0x0800494e   Section      186  ff.o(.constdata)
    ExCvt                                    0x0800494e   Data         128  ff.o(.constdata)
    LfnOfs                                   0x080049ce   Data          13  ff.o(.constdata)
    vst                                      0x080049dc   Data          22  ff.o(.constdata)
    cst                                      0x080049f2   Data          22  ff.o(.constdata)
    .data                                    0x20000000   Section       32  sd.o(.data)
    .data                                    0x20000020   Section        1  user_diskio.o(.data)
    Stat                                     0x20000020   Data           1  user_diskio.o(.data)
    .data                                    0x20000024   Section       20  user_diskio.o(.data)
    .data                                    0x20000038   Section        5  fatfs.o(.data)
    .data                                    0x20000040   Section       12  stm32f1xx_hal.o(.data)
    .data                                    0x2000004c   Section        4  system_stm32f1xx.o(.data)
    .data                                    0x20000050   Section        8  ff.o(.data)
    Fsid                                     0x20000050   Data           2  ff.o(.data)
    FatFs                                    0x20000054   Data           4  ff.o(.data)
    .bss                                     0x20000058   Section    13024  sd.o(.bss)
    .bss                                     0x20003338   Section      408  main.o(.bss)
    .bss                                     0x200034d0   Section       68  main.o(.bss)
    .bss                                     0x20003514   Section      536  ff.o(.bss)
    Files                                    0x20003514   Data          24  ff.o(.bss)
    LfnBuf                                   0x2000352c   Data         512  ff.o(.bss)
    .bss                                     0x2000372c   Section       12  ff_gen_drv.o(.bss)
    STACK                                    0x20003738   Section     1024  startup_stm32f103xb.o(STACK)

    Global Symbols

    Symbol Name                              Value     Ov Type        Size  Object(Section)

    BuildAttributes$$THM_ISAv4$P$D$K$B$S$PE$A:L22UL41UL21$X:L11$S22US41US21$IEEE1$IW$USESV6$~STKCKD$USESV7$~SHL$OSPACE$ROPI$EBA8$MICROLIB$REQ8$PRES8$EABIv2 0x00000000   Number         0  anon$$obj.o ABSOLUTE
    __ARM_use_no_argv                        0x00000000   Number         0  main.o ABSOLUTE
    _printf_a                                0x00000000   Number         0  stubs.o ABSOLUTE
    _printf_c                                0x00000000   Number         0  stubs.o ABSOLUTE
    _printf_charcount                        0x00000000   Number         0  stubs.o ABSOLUTE
    _printf_d                                0x00000000   Number         0  stubs.o ABSOLUTE
    _printf_e                                0x00000000   Number         0  stubs.o ABSOLUTE
    _printf_f                                0x00000000   Number         0  stubs.o ABSOLUTE
    _printf_flags                            0x00000000   Number         0  stubs.o ABSOLUTE
    _printf_fp_dec                           0x00000000   Number         0  stubs.o ABSOLUTE
    _printf_fp_hex                           0x00000000   Number         0  stubs.o ABSOLUTE
    _printf_g                                0x00000000   Number         0  stubs.o ABSOLUTE
    _printf_i                                0x00000000   Number         0  stubs.o ABSOLUTE
    _printf_int_dec                          0x00000000   Number         0  stubs.o ABSOLUTE
    _printf_l                                0x00000000   Number         0  stubs.o ABSOLUTE
    _printf_lc                               0x00000000   Number         0  stubs.o ABSOLUTE
    _printf_ll                               0x00000000   Number         0  stubs.o ABSOLUTE
    _printf_lld                              0x00000000   Number         0  stubs.o ABSOLUTE
    _printf_lli                              0x00000000   Number         0  stubs.o ABSOLUTE
    _printf_llo                              0x00000000   Number         0  stubs.o ABSOLUTE
    _printf_llu                              0x00000000   Number         0  stubs.o ABSOLUTE
    _printf_llx                              0x00000000   Number         0  stubs.o ABSOLUTE
    _printf_longlong_dec                     0x00000000   Number         0  stubs.o ABSOLUTE
    _printf_longlong_hex                     0x00000000   Number         0  stubs.o ABSOLUTE
    _printf_longlong_oct                     0x00000000   Number         0  stubs.o ABSOLUTE
    _printf_ls                               0x00000000   Number         0  stubs.o ABSOLUTE
    _printf_mbtowc                           0x00000000   Number         0  stubs.o ABSOLUTE
    _printf_n                                0x00000000   Number         0  stubs.o ABSOLUTE
    _printf_o                                0x00000000   Number         0  stubs.o ABSOLUTE
    _printf_p                                0x00000000   Number         0  stubs.o ABSOLUTE
    _printf_percent                          0x00000000   Number         0  stubs.o ABSOLUTE
    _printf_pre_padding                      0x00000000   Number         0  stubs.o ABSOLUTE
    _printf_return_value                     0x00000000   Number         0  stubs.o ABSOLUTE
    _printf_s                                0x00000000   Number         0  stubs.o ABSOLUTE
    _printf_sizespec                         0x00000000   Number         0  stubs.o ABSOLUTE
    _printf_str                              0x00000000   Number         0  stubs.o ABSOLUTE
    _printf_truncate_signed                  0x00000000   Number         0  stubs.o ABSOLUTE
    _printf_truncate_unsigned                0x00000000   Number         0  stubs.o ABSOLUTE
    _printf_u                                0x00000000   Number         0  stubs.o ABSOLUTE
    _printf_wc                               0x00000000   Number         0  stubs.o ABSOLUTE
    _printf_wctomb                           0x00000000   Number         0  stubs.o ABSOLUTE
    _printf_widthprec                        0x00000000   Number         0  stubs.o ABSOLUTE
    _printf_x                                0x00000000   Number         0  stubs.o ABSOLUTE
    __cpp_initialize__aeabi_                  - Undefined Weak Reference
    __cxa_finalize                            - Undefined Weak Reference
    __decompress                              - Undefined Weak Reference
    _clock_init                               - Undefined Weak Reference
    _microlib_exit                            - Undefined Weak Reference
    __Vectors_Size                           0x000000ec   Number         0  startup_stm32f103xb.o ABSOLUTE
    __Vectors                                0x08000000   Data           4  startup_stm32f103xb.o(RESET)
    __Vectors_End                            0x080000ec   Data           0  startup_stm32f103xb.o(RESET)
    __main                                   0x080000ed   Thumb Code     0  entry.o(.ARM.Collect$$$$00000000)
    _main_stk                                0x080000ed   Thumb Code     0  entry2.o(.ARM.Collect$$$$00000001)
    _main_scatterload                        0x080000f1   Thumb Code     0  entry5.o(.ARM.Collect$$$$00000004)
    __main_after_scatterload                 0x080000f5   Thumb Code     0  entry5.o(.ARM.Collect$$$$00000004)
    _main_clock                              0x080000f5   Thumb Code     0  entry7b.o(.ARM.Collect$$$$00000008)
    _main_cpp_init                           0x080000f5   Thumb Code     0  entry8b.o(.ARM.Collect$$$$0000000A)
    _main_init                               0x080000f5   Thumb Code     0  entry9a.o(.ARM.Collect$$$$0000000B)
    __rt_final_cpp                           0x080000fd   Thumb Code     0  entry10a.o(.ARM.Collect$$$$0000000D)
    __rt_final_exit                          0x080000fd   Thumb Code     0  entry11a.o(.ARM.Collect$$$$0000000F)
    Reset_Handler                            0x08000101   Thumb Code     8  startup_stm32f103xb.o(.text)
    ADC1_2_IRQHandler                        0x0800011b   Thumb Code     0  startup_stm32f103xb.o(.text)
    CAN1_RX1_IRQHandler                      0x0800011b   Thumb Code     0  startup_stm32f103xb.o(.text)
    CAN1_SCE_IRQHandler                      0x0800011b   Thumb Code     0  startup_stm32f103xb.o(.text)
    DMA1_Channel2_IRQHandler                 0x0800011b   Thumb Code     0  startup_stm32f103xb.o(.text)
    DMA1_Channel3_IRQHandler                 0x0800011b   Thumb Code     0  startup_stm32f103xb.o(.text)
    DMA1_Channel4_IRQHandler                 0x0800011b   Thumb Code     0  startup_stm32f103xb.o(.text)
    DMA1_Channel5_IRQHandler                 0x0800011b   Thumb Code     0  startup_stm32f103xb.o(.text)
    DMA1_Channel6_IRQHandler                 0x0800011b   Thumb Code     0  startup_stm32f103xb.o(.text)
    DMA1_Channel7_IRQHandler                 0x0800011b   Thumb Code     0  startup_stm32f103xb.o(.text)
    EXTI0_IRQHandler                         0x0800011b   Thumb Code     0  startup_stm32f103xb.o(.text)
    EXTI15_10_IRQHandler                     0x0800011b   Thumb Code     0  startup_stm32f103xb.o(.text)
    EXTI1_IRQHandler                         0x0800011b   Thumb Code     0  startup_stm32f103xb.o(.text)
    EXTI2_IRQHandler                         0x0800011b   Thumb Code     0  startup_stm32f103xb.o(.text)
    EXTI3_IRQHandler                         0x0800011b   Thumb Code     0  startup_stm32f103xb.o(.text)
    EXTI4_IRQHandler                         0x0800011b   Thumb Code     0  startup_stm32f103xb.o(.text)
    EXTI9_5_IRQHandler                       0x0800011b   Thumb Code     0  startup_stm32f103xb.o(.text)
    FLASH_IRQHandler                         0x0800011b   Thumb Code     0  startup_stm32f103xb.o(.text)
    I2C1_ER_IRQHandler                       0x0800011b   Thumb Code     0  startup_stm32f103xb.o(.text)
    I2C1_EV_IRQHandler                       0x0800011b   Thumb Code     0  startup_stm32f103xb.o(.text)
    I2C2_ER_IRQHandler                       0x0800011b   Thumb Code     0  startup_stm32f103xb.o(.text)
    I2C2_EV_IRQHandler                       0x0800011b   Thumb Code     0  startup_stm32f103xb.o(.text)
    PVD_IRQHandler                           0x0800011b   Thumb Code     0  startup_stm32f103xb.o(.text)
    RCC_IRQHandler                           0x0800011b   Thumb Code     0  startup_stm32f103xb.o(.text)
    RTC_Alarm_IRQHandler                     0x0800011b   Thumb Code     0  startup_stm32f103xb.o(.text)
    RTC_IRQHandler                           0x0800011b   Thumb Code     0  startup_stm32f103xb.o(.text)
    SPI1_IRQHandler                          0x0800011b   Thumb Code     0  startup_stm32f103xb.o(.text)
    SPI2_IRQHandler                          0x0800011b   Thumb Code     0  startup_stm32f103xb.o(.text)
    TAMPER_IRQHandler                        0x0800011b   Thumb Code     0  startup_stm32f103xb.o(.text)
    TIM1_BRK_IRQHandler                      0x0800011b   Thumb Code     0  startup_stm32f103xb.o(.text)
    TIM1_CC_IRQHandler                       0x0800011b   Thumb Code     0  startup_stm32f103xb.o(.text)
    TIM1_TRG_COM_IRQHandler                  0x0800011b   Thumb Code     0  startup_stm32f103xb.o(.text)
    TIM1_UP_IRQHandler                       0x0800011b   Thumb Code     0  startup_stm32f103xb.o(.text)
    TIM2_IRQHandler                          0x0800011b   Thumb Code     0  startup_stm32f103xb.o(.text)
    TIM3_IRQHandler                          0x0800011b   Thumb Code     0  startup_stm32f103xb.o(.text)
    TIM4_IRQHandler                          0x0800011b   Thumb Code     0  startup_stm32f103xb.o(.text)
    USART2_IRQHandler                        0x0800011b   Thumb Code     0  startup_stm32f103xb.o(.text)
    USART3_IRQHandler                        0x0800011b   Thumb Code     0  startup_stm32f103xb.o(.text)
    USBWakeUp_IRQHandler                     0x0800011b   Thumb Code     0  startup_stm32f103xb.o(.text)
    USB_HP_CAN1_TX_IRQHandler                0x0800011b   Thumb Code     0  startup_stm32f103xb.o(.text)
    USB_LP_CAN1_RX0_IRQHandler               0x0800011b   Thumb Code     0  startup_stm32f103xb.o(.text)
    WWDG_IRQHandler                          0x0800011b   Thumb Code     0  startup_stm32f103xb.o(.text)
    __aeabi_llsr                             0x08000125   Thumb Code    32  llushr.o(.text)
    _ll_ushift_r                             0x08000125   Thumb Code     0  llushr.o(.text)
    strlen                                   0x08000145   Thumb Code    14  strlen.o(.text)
    __aeabi_uldivmod                         0x08000153   Thumb Code    98  uldiv.o(.text)
    __scatterload                            0x080001b5   Thumb Code    28  init.o(.text)
    __scatterload_rt2                        0x080001b5   Thumb Code     0  init.o(.text)
    __aeabi_llsl                             0x080001d9   Thumb Code    30  llshl.o(.text)
    _ll_shift_l                              0x080001d9   Thumb Code     0  llshl.o(.text)
    ADC_ConversionStop_Disable               0x080001f9   Thumb Code    76  stm32f1xx_hal_adc.o(i.ADC_ConversionStop_Disable)
    BusFault_Handler                         0x08000245   Thumb Code     2  stm32f1xx_it.o(i.BusFault_Handler)
    DMA1_Channel1_IRQHandler                 0x08000249   Thumb Code     6  stm32f1xx_it.o(i.DMA1_Channel1_IRQHandler)
    DWT_Delay_Init                           0x08000255   Thumb Code    58  dwt_stm32_delay.o(i.DWT_Delay_Init)
    DebugMon_Handler                         0x08000299   Thumb Code     2  stm32f1xx_it.o(i.DebugMon_Handler)
    FATFS_LinkDriver                         0x0800029b   Thumb Code     6  ff_gen_drv.o(i.FATFS_LinkDriver)
    FATFS_LinkDriverEx                       0x080002a1   Thumb Code    60  ff_gen_drv.o(i.FATFS_LinkDriverEx)
    HAL_ADC_ConfigChannel                    0x080002e1   Thumb Code   240  stm32f1xx_hal_adc.o(i.HAL_ADC_ConfigChannel)
    HAL_ADC_Init                             0x080003dd   Thumb Code   272  stm32f1xx_hal_adc.o(i.HAL_ADC_Init)
    HAL_ADC_MspInit                          0x080004f9   Thumb Code   100  stm32f1xx_hal_msp.o(i.HAL_ADC_MspInit)
    HAL_DMA_Abort_IT                         0x0800058d   Thumb Code   148  stm32f1xx_hal_dma.o(i.HAL_DMA_Abort_IT)
    HAL_DMA_IRQHandler                       0x08000625   Thumb Code   316  stm32f1xx_hal_dma.o(i.HAL_DMA_IRQHandler)
    HAL_DMA_Init                             0x08000779   Thumb Code    92  stm32f1xx_hal_dma.o(i.HAL_DMA_Init)
    HAL_Delay                                0x080007dd   Thumb Code    32  stm32f1xx_hal.o(i.HAL_Delay)
    HAL_GPIO_Init                            0x08000801   Thumb Code   408  stm32f1xx_hal_gpio.o(i.HAL_GPIO_Init)
    HAL_GPIO_WritePin                        0x080009bd   Thumb Code    10  stm32f1xx_hal_gpio.o(i.HAL_GPIO_WritePin)
    HAL_GetTick                              0x080009c9   Thumb Code     6  stm32f1xx_hal.o(i.HAL_GetTick)
    HAL_IncTick                              0x080009d5   Thumb Code    12  stm32f1xx_hal.o(i.HAL_IncTick)
    HAL_Init                                 0x080009e5   Thumb Code    32  stm32f1xx_hal.o(i.HAL_Init)
    HAL_InitTick                             0x08000a09   Thumb Code    54  stm32f1xx_hal.o(i.HAL_InitTick)
    HAL_MspInit                              0x08000a49   Thumb Code   134  stm32f1xx_hal_msp.o(i.HAL_MspInit)
    HAL_NVIC_EnableIRQ                       0x08000ad9   Thumb Code    22  stm32f1xx_hal_cortex.o(i.HAL_NVIC_EnableIRQ)
    HAL_NVIC_SetPriority                     0x08000af1   Thumb Code    60  stm32f1xx_hal_cortex.o(i.HAL_NVIC_SetPriority)
    HAL_NVIC_SetPriorityGrouping             0x08000b31   Thumb Code    26  stm32f1xx_hal_cortex.o(i.HAL_NVIC_SetPriorityGrouping)
    HAL_RCCEx_PeriphCLKConfig                0x08000b55   Thumb Code   224  stm32f1xx_hal_rcc_ex.o(i.HAL_RCCEx_PeriphCLKConfig)
    HAL_RCC_ClockConfig                      0x08000c41   Thumb Code   322  stm32f1xx_hal_rcc.o(i.HAL_RCC_ClockConfig)
    HAL_RCC_GetHCLKFreq                      0x08000d95   Thumb Code     6  stm32f1xx_hal_rcc.o(i.HAL_RCC_GetHCLKFreq)
    HAL_RCC_GetPCLK1Freq                     0x08000da1   Thumb Code    20  stm32f1xx_hal_rcc.o(i.HAL_RCC_GetPCLK1Freq)
    HAL_RCC_GetPCLK2Freq                     0x08000dc1   Thumb Code    20  stm32f1xx_hal_rcc.o(i.HAL_RCC_GetPCLK2Freq)
    HAL_RCC_GetSysClockFreq                  0x08000de1   Thumb Code    74  stm32f1xx_hal_rcc.o(i.HAL_RCC_GetSysClockFreq)
    HAL_RCC_OscConfig                        0x08000e4d   Thumb Code   750  stm32f1xx_hal_rcc.o(i.HAL_RCC_OscConfig)
    HAL_SPI_Init                             0x08001151   Thumb Code   130  stm32f1xx_hal_spi_ex.o(i.HAL_SPI_Init)
    HAL_SPI_MspInit                          0x080011d5   Thumb Code    78  stm32f1xx_hal_msp.o(i.HAL_SPI_MspInit)
    HAL_SPI_TransmitReceive                  0x08001231   Thumb Code   472  stm32f1xx_hal_spi.o(i.HAL_SPI_TransmitReceive)
    HAL_SYSTICK_CLKSourceConfig              0x08001409   Thumb Code    24  stm32f1xx_hal_cortex.o(i.HAL_SYSTICK_CLKSourceConfig)
    HAL_SYSTICK_Callback                     0x08001421   Thumb Code     2  stm32f1xx_hal_cortex.o(i.HAL_SYSTICK_Callback)
    HAL_SYSTICK_Config                       0x08001423   Thumb Code    40  stm32f1xx_hal_cortex.o(i.HAL_SYSTICK_Config)
    HAL_SYSTICK_IRQHandler                   0x0800144b   Thumb Code     8  stm32f1xx_hal_cortex.o(i.HAL_SYSTICK_IRQHandler)
    HAL_UART_ErrorCallback                   0x08001453   Thumb Code     2  stm32f1xx_hal_uart.o(i.HAL_UART_ErrorCallback)
    HAL_UART_IRQHandler                      0x08001455   Thumb Code   266  stm32f1xx_hal_uart.o(i.HAL_UART_IRQHandler)
    HAL_UART_Init                            0x08001565   Thumb Code    98  stm32f1xx_hal_uart.o(i.HAL_UART_Init)
    HAL_UART_MspInit                         0x080015c9   Thumb Code    92  stm32f1xx_hal_msp.o(i.HAL_UART_MspInit)
    HAL_UART_RxCpltCallback                  0x08001631   Thumb Code     2  stm32f1xx_hal_uart.o(i.HAL_UART_RxCpltCallback)
    HAL_UART_Transmit                        0x08001633   Thumb Code   186  stm32f1xx_hal_uart.o(i.HAL_UART_Transmit)
    HAL_UART_TxCpltCallback                  0x080016ed   Thumb Code     2  stm32f1xx_hal_uart.o(i.HAL_UART_TxCpltCallback)
    HardFault_Handler                        0x080016ef   Thumb Code     2  stm32f1xx_it.o(i.HardFault_Handler)
    MX_FATFS_Init                            0x08001735   Thumb Code    18  fatfs.o(i.MX_FATFS_Init)
    MemManage_Handler                        0x08001791   Thumb Code     2  stm32f1xx_it.o(i.MemManage_Handler)
    NMI_Handler                              0x08001793   Thumb Code     2  stm32f1xx_it.o(i.NMI_Handler)
    PendSV_Handler                           0x080017b5   Thumb Code     2  stm32f1xx_it.o(i.PendSV_Handler)
    SD_List_File                             0x080017b9   Thumb Code   178  sd.o(i.SD_List_File)
    SD_Read_Block                            0x080018a1   Thumb Code    86  sd.o(i.SD_Read_Block)
    SD_Write_Block                           0x080018f7   Thumb Code   100  sd.o(i.SD_Write_Block)
    SD_Write_File                            0x0800195d   Thumb Code   112  sd.o(i.SD_Write_File)
    SPI_ReceiveByte                          0x08001a9d   Thumb Code     6  sd.o(i.SPI_ReceiveByte)
    SPI_Release                              0x08001aa3   Thumb Code     6  sd.o(i.SPI_Release)
    SPI_wait_ready                           0x08001b3f   Thumb Code    32  sd.o(i.SPI_wait_ready)
    SPIx_WriteRead                           0x08001b61   Thumb Code    48  sd.o(i.SPIx_WriteRead)
    SVC_Handler                              0x08001b99   Thumb Code     2  stm32f1xx_it.o(i.SVC_Handler)
    SysTick_Handler                          0x08001b9b   Thumb Code    14  stm32f1xx_it.o(i.SysTick_Handler)
    SystemClock_Config                       0x08001ba9   Thumb Code   122  main.o(i.SystemClock_Config)
    SystemInit                               0x08001c25   Thumb Code    56  system_stm32f1xx.o(i.SystemInit)
    USART1_IRQHandler                        0x08001f69   Thumb Code     6  stm32f1xx_it.o(i.USART1_IRQHandler)
    USER_initialize                          0x08001f75   Thumb Code    42  user_diskio.o(i.USER_initialize)
    USER_ioctl                               0x08001fbd   Thumb Code    60  user_diskio.o(i.USER_ioctl)
    USER_read                                0x08001ffd   Thumb Code    62  user_diskio.o(i.USER_read)
    USER_status                              0x08002045   Thumb Code    12  user_diskio.o(i.USER_status)
    USER_write                               0x08002055   Thumb Code    72  user_diskio.o(i.USER_write)
    UsageFault_Handler                       0x080020a5   Thumb Code     2  stm32f1xx_it.o(i.UsageFault_Handler)
    _Error_Handler                           0x080020a7   Thumb Code     2  main.o(i._Error_Handler)
    __0sprintf$8                             0x080020a9   Thumb Code    34  printf8.o(i.__0sprintf$8)
    __1sprintf$8                             0x080020a9   Thumb Code     0  printf8.o(i.__0sprintf$8)
    __2sprintf                               0x080020a9   Thumb Code     0  printf8.o(i.__0sprintf$8)
    __scatterload_copy                       0x080020d1   Thumb Code    14  handlers.o(i.__scatterload_copy)
    __scatterload_null                       0x080020df   Thumb Code     2  handlers.o(i.__scatterload_null)
    __scatterload_zeroinit                   0x080020e1   Thumb Code    14  handlers.o(i.__scatterload_zeroinit)
    clust2sect                               0x08002687   Thumb Code    28  ff.o(i.clust2sect)
    disk_initialize                          0x08002f41   Thumb Code    36  diskio.o(i.disk_initialize)
    disk_ioctl                               0x08002f69   Thumb Code    24  diskio.o(i.disk_ioctl)
    disk_read                                0x08002f85   Thumb Code    24  diskio.o(i.disk_read)
    disk_status                              0x08002fa1   Thumb Code    18  diskio.o(i.disk_status)
    disk_write                               0x08002fb9   Thumb Code    24  diskio.o(i.disk_write)
    f_close                                  0x08002fd5   Thumb Code    42  ff.o(i.f_close)
    f_closedir                               0x08002fff   Thumb Code    36  ff.o(i.f_closedir)
    f_lseek                                  0x08003023   Thumb Code   614  ff.o(i.f_lseek)
    f_mount                                  0x08003289   Thumb Code    94  ff.o(i.f_mount)
    f_open                                   0x080032ed   Thumb Code   492  ff.o(i.f_open)
    f_opendir                                0x080034dd   Thumb Code   140  ff.o(i.f_opendir)
    f_readdir                                0x0800356d   Thumb Code    86  ff.o(i.f_readdir)
    f_sync                                   0x080035c9   Thumb Code   162  ff.o(i.f_sync)
    f_write                                  0x0800366b   Thumb Code   454  ff.o(i.f_write)
    ff_convert                               0x08003831   Thumb Code    52  ccsbcs.o(i.ff_convert)
    ff_wtoupper                              0x08003869   Thumb Code    28  ccsbcs.o(i.ff_wtoupper)
    get_fat                                  0x08003be5   Thumb Code   230  ff.o(i.get_fat)
    get_fattime                              0x08003ccb   Thumb Code     4  fatfs.o(i.get_fattime)
    main                                     0x08003e79   Thumb Code   174  main.o(i.main)
    put_fat                                  0x08003fa5   Thumb Code   286  ff.o(i.put_fat)
    sd_ini                                   0x08004129   Thumb Code   430  sd.o(i.sd_ini)
    AHBPrescTable                            0x08004476   Data          16  system_stm32f1xx.o(.constdata)
    APBPrescTable                            0x08004486   Data           8  system_stm32f1xx.o(.constdata)
    Region$$Table$$Base                      0x08004a08   Number         0  anon$$obj.o(Region$$Table)
    Region$$Table$$Limit                     0x08004a28   Number         0  anon$$obj.o(Region$$Table)
    sdinfo                                   0x20000000   Data           1  sd.o(.data)
    result                                   0x20000001   Data           1  sd.o(.data)
    res                                      0x20000002   Data           1  sd.o(.data)
    fs                                       0x20000004   Data           4  sd.o(.data)
    byteswritten                             0x20000008   Data           4  sd.o(.data)
    bytesread                                0x2000000c   Data           4  sd.o(.data)
    fn                                       0x20000010   Data           4  sd.o(.data)
    fre_clust                                0x20000014   Data           4  sd.o(.data)
    fre_sect                                 0x20000018   Data           4  sd.o(.data)
    tot_sect                                 0x2000001c   Data           4  sd.o(.data)
    USER_Driver                              0x20000024   Data          20  user_diskio.o(.data)
    retUSER                                  0x20000038   Data           1  fatfs.o(.data)
    USER_Path                                0x20000039   Data           4  fatfs.o(.data)
    uwTickFreq                               0x20000040   Data           1  stm32f1xx_hal.o(.data)
    uwTickPrio                               0x20000044   Data           4  stm32f1xx_hal.o(.data)
    uwTick                                   0x20000048   Data           4  stm32f1xx_hal.o(.data)
    SystemCoreClock                          0x2000004c   Data           4  system_stm32f1xx.o(.data)
    str1                                     0x20000058   Data          60  sd.o(.bss)
    SDFatFs                                  0x20000094   Data        4144  sd.o(.bss)
    MyFile                                   0x200010c4   Data        4140  sd.o(.bss)
    sect                                     0x200020f0   Data         512  sd.o(.bss)
    fileInfo                                 0x200022f0   Data          32  sd.o(.bss)
    dir                                      0x20002310   Data        4136  sd.o(.bss)
    hadc1                                    0x20003338   Data          48  main.o(.bss)
    hspi2                                    0x20003368   Data          88  main.o(.bss)
    huart1                                   0x200033c0   Data          64  main.o(.bss)
    GPIO_InitStruct                          0x20003400   Data          16  main.o(.bss)
    nhiet_do_va_do_am                        0x20003410   Data          32  main.o(.bss)
    nhiet_do1                                0x20003430   Data          32  main.o(.bss)
    nhiet_do2                                0x20003450   Data          32  main.o(.bss)
    do_am1                                   0x20003470   Data          32  main.o(.bss)
    do_am2                                   0x20003490   Data          32  main.o(.bss)
    do_am_soid                               0x200034b0   Data          32  main.o(.bss)
    hdma_adc1                                0x200034d0   Data          68  main.o(.bss)
    disk                                     0x2000372c   Data          12  ff_gen_drv.o(.bss)
    __initial_sp                             0x20003b38   Data           0  startup_stm32f103xb.o(STACK)



==============================================================================

Memory Map of the image

  Image Entry point : 0x080000ed

  Load Region LR_IROM1 (Base: 0x08000000, Size: 0x00004a80, Max: 0x00010000, ABSOLUTE)

    Execution Region ER_IROM1 (Exec base: 0x08000000, Load base: 0x08000000, Size: 0x00004a28, Max: 0x00010000, ABSOLUTE)

    Exec Addr    Load Addr    Size         Type   Attr      Idx    E Section Name        Object

    0x08000000   0x08000000   0x000000ec   Data   RO            3    RESET               startup_stm32f103xb.o
    0x080000ec   0x080000ec   0x00000000   Code   RO         3249  * .ARM.Collect$$$$00000000  mc_w.l(entry.o)
    0x080000ec   0x080000ec   0x00000004   Code   RO         3523    .ARM.Collect$$$$00000001  mc_w.l(entry2.o)
    0x080000f0   0x080000f0   0x00000004   Code   RO         3526    .ARM.Collect$$$$00000004  mc_w.l(entry5.o)
    0x080000f4   0x080000f4   0x00000000   Code   RO         3528    .ARM.Collect$$$$00000008  mc_w.l(entry7b.o)
    0x080000f4   0x080000f4   0x00000000   Code   RO         3530    .ARM.Collect$$$$0000000A  mc_w.l(entry8b.o)
    0x080000f4   0x080000f4   0x00000008   Code   RO         3531    .ARM.Collect$$$$0000000B  mc_w.l(entry9a.o)
    0x080000fc   0x080000fc   0x00000000   Code   RO         3533    .ARM.Collect$$$$0000000D  mc_w.l(entry10a.o)
    0x080000fc   0x080000fc   0x00000000   Code   RO         3535    .ARM.Collect$$$$0000000F  mc_w.l(entry11a.o)
    0x080000fc   0x080000fc   0x00000004   Code   RO         3524    .ARM.Collect$$$$00002712  mc_w.l(entry2.o)
    0x08000100   0x08000100   0x00000024   Code   RO            4    .text               startup_stm32f103xb.o
    0x08000124   0x08000124   0x00000020   Code   RO         3252    .text               mc_w.l(llushr.o)
    0x08000144   0x08000144   0x0000000e   Code   RO         3258    .text               mc_w.l(strlen.o)
    0x08000152   0x08000152   0x00000062   Code   RO         3542    .text               mc_w.l(uldiv.o)
    0x080001b4   0x080001b4   0x00000024   Code   RO         3555    .text               mc_w.l(init.o)
    0x080001d8   0x080001d8   0x0000001e   Code   RO         3558    .text               mc_w.l(llshl.o)
    0x080001f6   0x080001f6   0x00000002   PAD
    0x080001f8   0x080001f8   0x0000004c   Code   RO          832    i.ADC_ConversionStop_Disable  stm32f1xx_hal_adc.o
    0x08000244   0x08000244   0x00000002   Code   RO          647    i.BusFault_Handler  stm32f1xx_it.o
    0x08000246   0x08000246   0x00000002   PAD
    0x08000248   0x08000248   0x0000000c   Code   RO          648    i.DMA1_Channel1_IRQHandler  stm32f1xx_it.o
    0x08000254   0x08000254   0x00000044   Code   RO          187    i.DWT_Delay_Init    dwt_stm32_delay.o
    0x08000298   0x08000298   0x00000002   Code   RO          649    i.DebugMon_Handler  stm32f1xx_it.o
    0x0800029a   0x0800029a   0x00000006   Code   RO         3202    i.FATFS_LinkDriver  ff_gen_drv.o
    0x080002a0   0x080002a0   0x00000040   Code   RO         3203    i.FATFS_LinkDriverEx  ff_gen_drv.o
    0x080002e0   0x080002e0   0x000000fc   Code   RO          838    i.HAL_ADC_ConfigChannel  stm32f1xx_hal_adc.o
    0x080003dc   0x080003dc   0x0000011c   Code   RO          847    i.HAL_ADC_Init      stm32f1xx_hal_adc.o
    0x080004f8   0x080004f8   0x00000094   Code   RO          736    i.HAL_ADC_MspInit   stm32f1xx_hal_msp.o
    0x0800058c   0x0800058c   0x00000098   Code   RO         2182    i.HAL_DMA_Abort_IT  stm32f1xx_hal_dma.o
    0x08000624   0x08000624   0x00000154   Code   RO         2186    i.HAL_DMA_IRQHandler  stm32f1xx_hal_dma.o
    0x08000778   0x08000778   0x00000064   Code   RO         2187    i.HAL_DMA_Init      stm32f1xx_hal_dma.o
    0x080007dc   0x080007dc   0x00000024   Code   RO         1824    i.HAL_Delay         stm32f1xx_hal.o
    0x08000800   0x08000800   0x000001bc   Code   RO         2117    i.HAL_GPIO_Init     stm32f1xx_hal_gpio.o
    0x080009bc   0x080009bc   0x0000000a   Code   RO         2121    i.HAL_GPIO_WritePin  stm32f1xx_hal_gpio.o
    0x080009c6   0x080009c6   0x00000002   PAD
    0x080009c8   0x080009c8   0x0000000c   Code   RO         1828    i.HAL_GetTick       stm32f1xx_hal.o
    0x080009d4   0x080009d4   0x00000010   Code   RO         1832    i.HAL_IncTick       stm32f1xx_hal.o
    0x080009e4   0x080009e4   0x00000024   Code   RO         1833    i.HAL_Init          stm32f1xx_hal.o
    0x08000a08   0x08000a08   0x00000040   Code   RO         1834    i.HAL_InitTick      stm32f1xx_hal.o
    0x08000a48   0x08000a48   0x00000090   Code   RO          737    i.HAL_MspInit       stm32f1xx_hal_msp.o
    0x08000ad8   0x08000ad8   0x00000016   Code   RO         2277    i.HAL_NVIC_EnableIRQ  stm32f1xx_hal_cortex.o
    0x08000aee   0x08000aee   0x00000002   PAD
    0x08000af0   0x08000af0   0x00000040   Code   RO         2283    i.HAL_NVIC_SetPriority  stm32f1xx_hal_cortex.o
    0x08000b30   0x08000b30   0x00000024   Code   RO         2284    i.HAL_NVIC_SetPriorityGrouping  stm32f1xx_hal_cortex.o
    0x08000b54   0x08000b54   0x000000ec   Code   RO         2080    i.HAL_RCCEx_PeriphCLKConfig  stm32f1xx_hal_rcc_ex.o
    0x08000c40   0x08000c40   0x00000154   Code   RO         1977    i.HAL_RCC_ClockConfig  stm32f1xx_hal_rcc.o
    0x08000d94   0x08000d94   0x0000000c   Code   RO         1982    i.HAL_RCC_GetHCLKFreq  stm32f1xx_hal_rcc.o
    0x08000da0   0x08000da0   0x00000020   Code   RO         1984    i.HAL_RCC_GetPCLK1Freq  stm32f1xx_hal_rcc.o
    0x08000dc0   0x08000dc0   0x00000020   Code   RO         1985    i.HAL_RCC_GetPCLK2Freq  stm32f1xx_hal_rcc.o
    0x08000de0   0x08000de0   0x0000006c   Code   RO         1986    i.HAL_RCC_GetSysClockFreq  stm32f1xx_hal_rcc.o
    0x08000e4c   0x08000e4c   0x00000304   Code   RO         1989    i.HAL_RCC_OscConfig  stm32f1xx_hal_rcc.o
    0x08001150   0x08001150   0x00000082   Code   RO         1431    i.HAL_SPI_Init      stm32f1xx_hal_spi_ex.o
    0x080011d2   0x080011d2   0x00000002   PAD
    0x080011d4   0x080011d4   0x0000005c   Code   RO          739    i.HAL_SPI_MspInit   stm32f1xx_hal_msp.o
    0x08001230   0x08001230   0x000001d8   Code   RO         1128    i.HAL_SPI_TransmitReceive  stm32f1xx_hal_spi.o
    0x08001408   0x08001408   0x00000018   Code   RO         2286    i.HAL_SYSTICK_CLKSourceConfig  stm32f1xx_hal_cortex.o
    0x08001420   0x08001420   0x00000002   Code   RO         2287    i.HAL_SYSTICK_Callback  stm32f1xx_hal_cortex.o
    0x08001422   0x08001422   0x00000028   Code   RO         2288    i.HAL_SYSTICK_Config  stm32f1xx_hal_cortex.o
    0x0800144a   0x0800144a   0x00000008   Code   RO         2289    i.HAL_SYSTICK_IRQHandler  stm32f1xx_hal_cortex.o
    0x08001452   0x08001452   0x00000002   Code   RO         1512    i.HAL_UART_ErrorCallback  stm32f1xx_hal_uart.o
    0x08001454   0x08001454   0x00000110   Code   RO         1515    i.HAL_UART_IRQHandler  stm32f1xx_hal_uart.o
    0x08001564   0x08001564   0x00000062   Code   RO         1516    i.HAL_UART_Init     stm32f1xx_hal_uart.o
    0x080015c6   0x080015c6   0x00000002   PAD
    0x080015c8   0x080015c8   0x00000068   Code   RO          741    i.HAL_UART_MspInit  stm32f1xx_hal_msp.o
    0x08001630   0x08001630   0x00000002   Code   RO         1522    i.HAL_UART_RxCpltCallback  stm32f1xx_hal_uart.o
    0x08001632   0x08001632   0x000000ba   Code   RO         1524    i.HAL_UART_Transmit  stm32f1xx_hal_uart.o
    0x080016ec   0x080016ec   0x00000002   Code   RO         1527    i.HAL_UART_TxCpltCallback  stm32f1xx_hal_uart.o
    0x080016ee   0x080016ee   0x00000002   Code   RO          650    i.HardFault_Handler  stm32f1xx_it.o
    0x080016f0   0x080016f0   0x00000044   Code   RO          403    i.MX_ADC1_Init      main.o
    0x08001734   0x08001734   0x0000001c   Code   RO          609    i.MX_FATFS_Init     fatfs.o
    0x08001750   0x08001750   0x00000040   Code   RO          404    i.MX_SPI2_Init      main.o
    0x08001790   0x08001790   0x00000002   Code   RO          651    i.MemManage_Handler  stm32f1xx_it.o
    0x08001792   0x08001792   0x00000002   Code   RO          652    i.NMI_Handler       stm32f1xx_it.o
    0x08001794   0x08001794   0x00000020   Code   RO         2290    i.NVIC_SetPriority  stm32f1xx_hal_cortex.o
    0x080017b4   0x080017b4   0x00000002   Code   RO          653    i.PendSV_Handler    stm32f1xx_it.o
    0x080017b6   0x080017b6   0x00000002   PAD
    0x080017b8   0x080017b8   0x000000e8   Code   RO          216    i.SD_List_File      sd.o
    0x080018a0   0x080018a0   0x00000056   Code   RO          217    i.SD_Read_Block     sd.o
    0x080018f6   0x080018f6   0x00000064   Code   RO          219    i.SD_Write_Block    sd.o
    0x0800195a   0x0800195a   0x00000002   PAD
    0x0800195c   0x0800195c   0x00000090   Code   RO          220    i.SD_Write_File     sd.o
    0x080019ec   0x080019ec   0x00000090   Code   RO          221    i.SD_cmd            sd.o
    0x08001a7c   0x08001a7c   0x00000020   Code   RO         1143    i.SPI_CheckFlag_BSY  stm32f1xx_hal_spi.o
    0x08001a9c   0x08001a9c   0x00000006   Code   RO          226    i.SPI_ReceiveByte   sd.o
    0x08001aa2   0x08001aa2   0x00000006   Code   RO          227    i.SPI_Release       sd.o
    0x08001aa8   0x08001aa8   0x00000096   Code   RO         1162    i.SPI_WaitFlagStateUntilTimeout  stm32f1xx_hal_spi.o
    0x08001b3e   0x08001b3e   0x00000020   Code   RO          229    i.SPI_wait_ready    sd.o
    0x08001b5e   0x08001b5e   0x00000002   PAD
    0x08001b60   0x08001b60   0x00000038   Code   RO          230    i.SPIx_WriteRead    sd.o
    0x08001b98   0x08001b98   0x00000002   Code   RO          654    i.SVC_Handler       stm32f1xx_it.o
    0x08001b9a   0x08001b9a   0x0000000e   Code   RO          655    i.SysTick_Handler   stm32f1xx_it.o
    0x08001ba8   0x08001ba8   0x0000007a   Code   RO          406    i.SystemClock_Config  main.o
    0x08001c22   0x08001c22   0x00000002   PAD
    0x08001c24   0x08001c24   0x00000048   Code   RO         2706    i.SystemInit        system_stm32f1xx.o
    0x08001c6c   0x08001c6c   0x00000010   Code   RO         1529    i.UART_DMAAbortOnError  stm32f1xx_hal_uart.o
    0x08001c7c   0x08001c7c   0x0000001c   Code   RO         1539    i.UART_EndRxTransfer  stm32f1xx_hal_uart.o
    0x08001c98   0x08001c98   0x00000096   Code   RO         1541    i.UART_Receive_IT   stm32f1xx_hal_uart.o
    0x08001d2e   0x08001d2e   0x00000002   PAD
    0x08001d30   0x08001d30   0x00000170   Code   RO         1542    i.UART_SetConfig    stm32f1xx_hal_uart.o
    0x08001ea0   0x08001ea0   0x00000062   Code   RO         1543    i.UART_Transmit_IT  stm32f1xx_hal_uart.o
    0x08001f02   0x08001f02   0x00000064   Code   RO         1544    i.UART_WaitOnFlagUntilTimeout  stm32f1xx_hal_uart.o
    0x08001f66   0x08001f66   0x00000002   PAD
    0x08001f68   0x08001f68   0x0000000c   Code   RO          656    i.USART1_IRQHandler  stm32f1xx_it.o
    0x08001f74   0x08001f74   0x00000048   Code   RO          543    i.USER_initialize   user_diskio.o
    0x08001fbc   0x08001fbc   0x00000040   Code   RO          544    i.USER_ioctl        user_diskio.o
    0x08001ffc   0x08001ffc   0x00000048   Code   RO          545    i.USER_read         user_diskio.o
    0x08002044   0x08002044   0x00000010   Code   RO          546    i.USER_status       user_diskio.o
    0x08002054   0x08002054   0x00000050   Code   RO          547    i.USER_write        user_diskio.o
    0x080020a4   0x080020a4   0x00000002   Code   RO          657    i.UsageFault_Handler  stm32f1xx_it.o
    0x080020a6   0x080020a6   0x00000002   Code   RO          408    i._Error_Handler    main.o
    0x080020a8   0x080020a8   0x00000028   Code   RO         3471    i.__0sprintf$8      mc_w.l(printf8.o)
    0x080020d0   0x080020d0   0x0000000e   Code   RO         3567    i.__scatterload_copy  mc_w.l(handlers.o)
    0x080020de   0x080020de   0x00000002   Code   RO         3568    i.__scatterload_null  mc_w.l(handlers.o)
    0x080020e0   0x080020e0   0x0000000e   Code   RO         3569    i.__scatterload_zeroinit  mc_w.l(handlers.o)
    0x080020ee   0x080020ee   0x00000002   PAD
    0x080020f0   0x080020f0   0x00000410   Code   RO         3476    i._printf_core      mc_w.l(printf8.o)
    0x08002500   0x08002500   0x00000024   Code   RO         3477    i._printf_post_padding  mc_w.l(printf8.o)
    0x08002524   0x08002524   0x0000002e   Code   RO         3478    i._printf_pre_padding  mc_w.l(printf8.o)
    0x08002552   0x08002552   0x0000000a   Code   RO         3480    i._sputc            mc_w.l(printf8.o)
    0x0800255c   0x0800255c   0x00000060   Code   RO         2861    i.check_fs          ff.o
    0x080025bc   0x080025bc   0x00000010   Code   RO         2862    i.chk_chr           ff.o
    0x080025cc   0x080025cc   0x00000068   Code   RO         2863    i.chk_lock          ff.o
    0x08002634   0x08002634   0x00000024   Code   RO         2864    i.clear_lock        ff.o
    0x08002658   0x08002658   0x0000002e   Code   RO         2865    i.clmt_clust        ff.o
    0x08002686   0x08002686   0x0000001c   Code   RO         2866    i.clust2sect        ff.o
    0x080026a2   0x080026a2   0x000000a4   Code   RO         2867    i.create_chain      ff.o
    0x08002746   0x08002746   0x00000002   PAD
    0x08002748   0x08002748   0x00000204   Code   RO         2868    i.create_name       ff.o
    0x0800294c   0x0800294c   0x0000003c   Code   RO         2869    i.dec_lock          ff.o
    0x08002988   0x08002988   0x00000140   Code   RO         2870    i.dir_find          ff.o
    0x08002ac8   0x08002ac8   0x0000011c   Code   RO         2871    i.dir_next          ff.o
    0x08002be4   0x08002be4   0x00000100   Code   RO         2872    i.dir_read          ff.o
    0x08002ce4   0x08002ce4   0x000001c0   Code   RO         2873    i.dir_register      ff.o
    0x08002ea4   0x08002ea4   0x0000009a   Code   RO         2875    i.dir_sdi           ff.o
    0x08002f3e   0x08002f3e   0x00000002   PAD
    0x08002f40   0x08002f40   0x00000028   Code   RO         2806    i.disk_initialize   diskio.o
    0x08002f68   0x08002f68   0x0000001c   Code   RO         2807    i.disk_ioctl        diskio.o
    0x08002f84   0x08002f84   0x0000001c   Code   RO         2808    i.disk_read         diskio.o
    0x08002fa0   0x08002fa0   0x00000018   Code   RO         2809    i.disk_status       diskio.o
    0x08002fb8   0x08002fb8   0x0000001c   Code   RO         2810    i.disk_write        diskio.o
    0x08002fd4   0x08002fd4   0x0000002a   Code   RO         2877    i.f_close           ff.o
    0x08002ffe   0x08002ffe   0x00000024   Code   RO         2878    i.f_closedir        ff.o
    0x08003022   0x08003022   0x00000266   Code   RO         2881    i.f_lseek           ff.o
    0x08003288   0x08003288   0x00000064   Code   RO         2884    i.f_mount           ff.o
    0x080032ec   0x080032ec   0x000001f0   Code   RO         2885    i.f_open            ff.o
    0x080034dc   0x080034dc   0x00000090   Code   RO         2886    i.f_opendir         ff.o
    0x0800356c   0x0800356c   0x0000005c   Code   RO         2891    i.f_readdir         ff.o
    0x080035c8   0x080035c8   0x000000a2   Code   RO         2894    i.f_sync            ff.o
    0x0800366a   0x0800366a   0x000001c6   Code   RO         2898    i.f_write           ff.o
    0x08003830   0x08003830   0x00000038   Code   RO         2774    i.ff_convert        ccsbcs.o
    0x08003868   0x08003868   0x00000024   Code   RO         2775    i.ff_wtoupper       ccsbcs.o
    0x0800388c   0x0800388c   0x0000026c   Code   RO         2899    i.find_volume       ff.o
    0x08003af8   0x08003af8   0x0000006a   Code   RO         2900    i.follow_path       ff.o
    0x08003b62   0x08003b62   0x00000002   PAD
    0x08003b64   0x08003b64   0x00000080   Code   RO         2901    i.gen_numname       ff.o
    0x08003be4   0x08003be4   0x000000e6   Code   RO         2902    i.get_fat           ff.o
    0x08003cca   0x08003cca   0x00000004   Code   RO          610    i.get_fattime       fatfs.o
    0x08003cce   0x08003cce   0x000000be   Code   RO         2903    i.get_fileinfo      ff.o
    0x08003d8c   0x08003d8c   0x0000003c   Code   RO         2904    i.get_ldnumber      ff.o
    0x08003dc8   0x08003dc8   0x00000098   Code   RO         2905    i.inc_lock          ff.o
    0x08003e60   0x08003e60   0x00000016   Code   RO         2906    i.ld_clust          ff.o
    0x08003e76   0x08003e76   0x00000002   PAD
    0x08003e78   0x08003e78   0x000000d4   Code   RO          410    i.main              main.o
    0x08003f4c   0x08003f4c   0x00000012   Code   RO         2907    i.mem_cpy           ff.o
    0x08003f5e   0x08003f5e   0x0000000e   Code   RO         2908    i.mem_set           ff.o
    0x08003f6c   0x08003f6c   0x00000038   Code   RO         2909    i.move_window       ff.o
    0x08003fa4   0x08003fa4   0x0000011e   Code   RO         2910    i.put_fat           ff.o
    0x080040c2   0x080040c2   0x00000066   Code   RO         2912    i.remove_chain      ff.o
    0x08004128   0x08004128   0x00000200   Code   RO          236    i.sd_ini            sd.o
    0x08004328   0x08004328   0x00000010   Code   RO         2913    i.st_clust          ff.o
    0x08004338   0x08004338   0x0000001a   Code   RO         2914    i.sum_sfn           ff.o
    0x08004352   0x08004352   0x000000a8   Code   RO         2915    i.sync_fs           ff.o
    0x080043fa   0x080043fa   0x00000052   Code   RO         2916    i.sync_window       ff.o
    0x0800444c   0x0800444c   0x0000002a   Code   RO         2917    i.validate          ff.o
    0x08004476   0x08004476   0x00000010   Data   RO         2707    .constdata          system_stm32f1xx.o
    0x08004486   0x08004486   0x00000008   Data   RO         2708    .constdata          system_stm32f1xx.o
    0x0800448e   0x0800448e   0x000004c0   Data   RO         2776    .constdata          ccsbcs.o
    0x0800494e   0x0800494e   0x000000ba   Data   RO         2919    .constdata          ff.o
    0x08004a08   0x08004a08   0x00000020   Data   RO         3565    Region$$Table       anon$$obj.o


    Execution Region RW_IRAM1 (Exec base: 0x20000000, Load base: 0x08004a28, Size: 0x00003b38, Max: 0x00005000, ABSOLUTE)

    Exec Addr    Load Addr    Size         Type   Attr      Idx    E Section Name        Object

    0x20000000   0x08004a28   0x00000020   Data   RW          238    .data               sd.o
    0x20000020   0x08004a48   0x00000001   Data   RW          548    .data               user_diskio.o
    0x20000021   0x08004a49   0x00000003   PAD
    0x20000024   0x08004a4c   0x00000014   Data   RW          549    .data               user_diskio.o
    0x20000038   0x08004a60   0x00000005   Data   RW          613    .data               fatfs.o
    0x2000003d   0x08004a65   0x00000003   PAD
    0x20000040   0x08004a68   0x0000000c   Data   RW         1840    .data               stm32f1xx_hal.o
    0x2000004c   0x08004a74   0x00000004   Data   RW         2709    .data               system_stm32f1xx.o
    0x20000050   0x08004a78   0x00000008   Data   RW         2920    .data               ff.o
    0x20000058        -       0x000032e0   Zero   RW          237    .bss                sd.o
    0x20003338        -       0x00000198   Zero   RW          415    .bss                main.o
    0x200034d0        -       0x00000044   Zero   RW          416    .bss                main.o
    0x20003514        -       0x00000218   Zero   RW         2918    .bss                ff.o
    0x2000372c        -       0x0000000c   Zero   RW         3206    .bss                ff_gen_drv.o
    0x20003738        -       0x00000400   Zero   RW            1    STACK               startup_stm32f103xb.o


==============================================================================

Image component sizes


      Code (inc. data)   RO Data    RW Data    ZI Data      Debug   Object Name

        92         12       1216          0          0       1971   ccsbcs.o
         0          0          0          0          0     426004   ctr_nrf24l01.o
       148         22          0          0          0       3561   diskio.o
        68         10          0          0          0        533   dwt_stm32_delay.o
        32         10          0          5          0       1437   fatfs.o
      6986        104        186          8        536      42501   ff.o
        70          4          0          0         12       1571   ff_gen_drv.o
       468         56          0          0        476       7506   main.o
      1318        182          0         32      13024      13975   sd.o
        36          8        236          0       1024        800   startup_stm32f103xb.o
       164         28          0         12          0       3821   stm32f1xx_hal.o
       612         24          0          0          0       3272   stm32f1xx_hal_adc.o
       228         14          0          0          0      27369   stm32f1xx_hal_cortex.o
       592         36          0          0          0       2715   stm32f1xx_hal_dma.o
       454         36          0          0          0       2872   stm32f1xx_hal_gpio.o
       488         84          0          0          0       2925   stm32f1xx_hal_msp.o
      1296        104          0          0          0       5620   stm32f1xx_hal_rcc.o
       236         12          0          0          0       1384   stm32f1xx_hal_rcc_ex.o
       654          0          0          0          0       3598   stm32f1xx_hal_spi.o
       130          0          0          0          0       1059   stm32f1xx_hal_spi_ex.o
      1322         10          0          0          0       9023   stm32f1xx_hal_uart.o
        54         12          0          0          0       4657   stm32f1xx_it.o
         0          0          0          0          0        516   syscall.o
        72         16         24          4          0       1151   system_stm32f1xx.o
       304         56          0         21          0       3981   user_diskio.o

    ----------------------------------------------------------------------
     15854        840       1694         88      15072     573822   Object Totals
         0          0         32          0          0          0   (incl. Generated)
        30          0          0          6          0          0   (incl. Padding)

    ----------------------------------------------------------------------

      Code (inc. data)   RO Data    RW Data    ZI Data      Debug   Library Member Name

         0          0          0          0          0          0   entry.o
         0          0          0          0          0          0   entry10a.o
         0          0          0          0          0          0   entry11a.o
         8          4          0          0          0          0   entry2.o
         4          0          0          0          0          0   entry5.o
         0          0          0          0          0          0   entry7b.o
         0          0          0          0          0          0   entry8b.o
         8          4          0          0          0          0   entry9a.o
        30          0          0          0          0          0   handlers.o
        36          8          0          0          0         68   init.o
        30          0          0          0          0         68   llshl.o
        32          0          0          0          0         68   llushr.o
      1172         50          0          0          0        420   printf8.o
        14          0          0          0          0         68   strlen.o
        98          0          0          0          0         92   uldiv.o

    ----------------------------------------------------------------------
      1436         66          0          0          0        784   Library Totals
         4          0          0          0          0          0   (incl. Padding)

    ----------------------------------------------------------------------

      Code (inc. data)   RO Data    RW Data    ZI Data      Debug   Library Name

      1432         66          0          0          0        784   mc_w.l

    ----------------------------------------------------------------------
      1436         66          0          0          0        784   Library Totals

    ----------------------------------------------------------------------

==============================================================================


      Code (inc. data)   RO Data    RW Data    ZI Data      Debug   

     17290        906       1694         88      15072     567686   Grand Totals
     17290        906       1694         88      15072     567686   ELF Image Totals
     17290        906       1694         88          0          0   ROM Totals

==============================================================================

    Total RO  Size (Code + RO Data)                18984 (  18.54kB)
    Total RW  Size (RW Data + ZI Data)             15160 (  14.80kB)
    Total ROM Size (Code + RO Data + RW Data)      19072 (  18.63kB)

==============================================================================

