<html>
<body>
<pre>
<h1>µVision Build Log</h1>
<h2>Tool Versions:</h2>
IDE-Version: µVision V5.25.2.0
Copyright (C) 2018 ARM Ltd and ARM Germany GmbH. All rights reserved.
License Information: sang tran, vtc, LIC=50D12-9LNX0-PGW7L-02K40-QC6LW-KNJ23
 
Tool Versions:
Toolchain:       MDK-ARM Professional  Version: 5.25.2.0
Toolchain Path:  C:\Keil_v5\ARM\ARMCC\Bin
C Compiler:      Armcc.exe V5.06 update 6 (build 750)
Assembler:       Armasm.exe V5.06 update 6 (build 750)
Linker/Locator:  ArmLink.exe V5.06 update 6 (build 750)
Library Manager: ArmAr.exe V5.06 update 6 (build 750)
Hex Converter:   FromElf.exe V5.06 update 6 (build 750)
CPU DLL:         SARMCM3.DLL V5.25.2.0
Dialog DLL:      DCM.DLL V1.17.1.0
Target DLL:      STLink\ST-LINKIII-KEIL_SWO.dll V3.0.1.0
Dialog DLL:      TCM.DLL V1.35.1.0
 
<h2>Project:</h2>
E:\doccument\my_subject\do an\CODE\STM\1\SLAVEa\7\MDK-ARM\DHT11.uvprojx
Project File Date:  02/26/2019

<h2>Output:</h2>
*** Using Compiler 'V5.06 update 6 (build 750)', folder: 'C:\Keil_v5\ARM\ARMCC\Bin'
Build target 'DHT11'
compiling main.c...
../Src/main.c(143): warning:  #188-D: enumerated type mixed with another type
  	HAL_GPIO_WritePin (GPIOA, GPIO_PIN_1, 0);   // pull the pin low
../Src/main.c(227): warning:  #167-D: argument of type "char *" is incompatible with parameter of type "uint8_t *"
  		HAL_UART_Transmit(&huart1,bat_bom_1b,32,5);
../Src/main.c(234): warning:  #167-D: argument of type "char *" is incompatible with parameter of type "uint8_t *"
  		HAL_UART_Transmit(&huart1,tat_bom_1b,32,5);
../Src/main.c(241): warning:  #167-D: argument of type "char *" is incompatible with parameter of type "uint8_t *"
  		HAL_UART_Transmit(&huart1,loi_he_thong,32,5);
../Src/main.c(309): warning:  #167-D: argument of type "uint8_t *" is incompatible with parameter of type "const char *"
  				int chuoi_check = strcmp(chuoi, check_1a);
../Src/main.c(321): warning:  #167-D: argument of type "char *" is incompatible with parameter of type "uint8_t *"
  						HAL_UART_Transmit(&huart1,nhiet_do_va_do_am,32,5);
../Src/main.c(323): warning:  #167-D: argument of type "char *" is incompatible with parameter of type "unsigned char *"
  						CTR_nrfSendPacket(nhiet_do_va_do_am);
../Src/main.c(330): warning:  #167-D: argument of type "char *" is incompatible with parameter of type "uint8_t *"
  							HAL_UART_Transmit(&huart1,xuong_hang,32,5);
../Src/main.c(336): warning:  #167-D: argument of type "uint8_t *" is incompatible with parameter of type "const char *"
  								int chuoi_ok = strcmp(chuoi, ok);
../Src/main.c: 10 warnings, 0 errors
linking...
Program Size: Code=6712 RO-data=292 RW-data=452 ZI-data=1300  
FromELF: creating hex file...
"TRANSMIT\TRANSMIT.axf" - 0 Error(s), 9 Warning(s).

<h2>Software Packages used:</h2>

Package Vendor: ARM
                http://www.keil.com/pack/ARM.CMSIS.5.3.0.pack
                ARM.CMSIS.5.3.0
                CMSIS (Cortex Microcontroller Software Interface Standard)
   * Component: CORE Version: 5.1.1

Package Vendor: Keil
                http://www.keil.com/pack/Keil.STM32F1xx_DFP.2.3.0.pack
                Keil.STM32F1xx_DFP.2.3.0
                STMicroelectronics STM32F1 Series Device Support, Drivers and Examples

<h2>Collection of Component include folders:</h2>
  .\RTE\_DHT11
  C:\Keil_v5\ARM\PACK\ARM\CMSIS\5.3.0\CMSIS\Include
  C:\Keil_v5\ARM\PACK\Keil\STM32F1xx_DFP\2.3.0\Device\Include

<h2>Collection of Component Files used:</h2>

   * Component: ARM::CMSIS:CORE:5.1.1
Build Time Elapsed:  00:00:03
</pre>
</body>
</html>
